[
	{
		"State": 0,
		"Timestamp": "2020-09-29T11:22:49.316Z"
	},
	{
		"State": 1,
		"Timestamp": "2020-09-29T11:33:51.721Z"
	},
	{
		"State": 0,
		"Timestamp": "2020-09-29T11:35:51.526Z"
	},
	{
		"State": 1,
		"Timestamp": "2020-09-29T11:42:30.207Z"
	},
	{
		"State": 0,
		"Timestamp": "2020-09-29T11:50:52.477Z"
	}
]