[
	{
		"Count": 16,
		"Timestamp": "2020-09-29T11:54:29.667Z"
	},
	{
		"Count": 17,
		"Timestamp": "2020-09-29T11:54:27.667Z"
	},
	{
		"Count": 17,
		"Timestamp": "2020-09-29T11:54:25.669Z"
	},
	{
		"Count": 16,
		"Timestamp": "2020-09-29T11:54:23.665Z"
	},
	{
		"Count": 17,
		"Timestamp": "2020-09-29T11:54:21.664Z"
	},
	{
		"Count": 17,
		"Timestamp": "2020-09-29T11:54:19.662Z"
	},
	{
		"Count": 16,
		"Timestamp": "2020-09-29T11:54:17.662Z"
	},
	{
		"Count": 17,
		"Timestamp": "2020-09-29T11:54:15.662Z"
	},
	{
		"Count": 17,
		"Timestamp": "2020-09-29T11:54:13.662Z"
	},
	{
		"Count": 16,
		"Timestamp": "2020-09-29T11:54:11.662Z"
	},
	{
		"Count": 17,
		"Timestamp": "2020-09-29T11:54:09.661Z"
	},
	{
		"Count": 17,
		"Timestamp": "2020-09-29T11:54:07.662Z"
	},
	{
		"Count": 17,
		"Timestamp": "2020-09-29T11:54:05.662Z"
	},
	{
		"Count": 16,
		"Timestamp": "2020-09-29T11:54:03.662Z"
	},
	{
		"Count": 17,
		"Timestamp": "2020-09-29T11:54:01.661Z"
	},
	{
		"Count": 16,
		"Timestamp": "2020-09-29T11:53:59.662Z"
	},
	{
		"Count": 17,
		"Timestamp": "2020-09-29T11:53:57.659Z"
	},
	{
		"Count": 17,
		"Timestamp": "2020-09-29T11:53:55.66Z"
	},
	{
		"Count": 16,
		"Timestamp": "2020-09-29T11:53:53.656Z"
	},
	{
		"Count": 17,
		"Timestamp": "2020-09-29T11:53:51.658Z"
	},
	{
		"Count": 17,
		"Timestamp": "2020-09-29T11:53:49.657Z"
	},
	{
		"Count": 16,
		"Timestamp": "2020-09-29T11:53:47.656Z"
	},
	{
		"Count": 17,
		"Timestamp": "2020-09-29T11:53:45.657Z"
	},
	{
		"Count": 17,
		"Timestamp": "2020-09-29T11:53:43.655Z"
	},
	{
		"Count": 16,
		"Timestamp": "2020-09-29T11:53:41.655Z"
	},
	{
		"Count": 16,
		"Timestamp": "2020-09-29T11:53:39.653Z"
	},
	{
		"Count": 17,
		"Timestamp": "2020-09-29T11:53:37.653Z"
	},
	{
		"Count": 16,
		"Timestamp": "2020-09-29T11:53:35.653Z"
	},
	{
		"Count": 17,
		"Timestamp": "2020-09-29T11:53:33.654Z"
	},
	{
		"Count": 17,
		"Timestamp": "2020-09-29T11:53:31.653Z"
	},
	{
		"Count": 16,
		"Timestamp": "2020-09-29T11:53:29.652Z"
	},
	{
		"Count": 17,
		"Timestamp": "2020-09-29T11:53:27.651Z"
	},
	{
		"Count": 17,
		"Timestamp": "2020-09-29T11:53:25.651Z"
	},
	{
		"Count": 16,
		"Timestamp": "2020-09-29T11:53:23.651Z"
	},
	{
		"Count": 17,
		"Timestamp": "2020-09-29T11:53:21.651Z"
	},
	{
		"Count": 17,
		"Timestamp": "2020-09-29T11:53:19.652Z"
	},
	{
		"Count": 16,
		"Timestamp": "2020-09-29T11:53:17.652Z"
	},
	{
		"Count": 17,
		"Timestamp": "2020-09-29T11:53:15.651Z"
	},
	{
		"Count": 16,
		"Timestamp": "2020-09-29T11:53:13.652Z"
	},
	{
		"Count": 16,
		"Timestamp": "2020-09-29T11:53:11.651Z"
	},
	{
		"Count": 17,
		"Timestamp": "2020-09-29T11:53:09.65Z"
	},
	{
		"Count": 17,
		"Timestamp": "2020-09-29T11:53:07.65Z"
	},
	{
		"Count": 16,
		"Timestamp": "2020-09-29T11:53:05.651Z"
	},
	{
		"Count": 17,
		"Timestamp": "2020-09-29T11:53:03.65Z"
	},
	{
		"Count": 17,
		"Timestamp": "2020-09-29T11:53:01.649Z"
	},
	{
		"Count": 16,
		"Timestamp": "2020-09-29T11:52:59.651Z"
	},
	{
		"Count": 17,
		"Timestamp": "2020-09-29T11:52:57.649Z"
	},
	{
		"Count": 17,
		"Timestamp": "2020-09-29T11:52:55.648Z"
	},
	{
		"Count": 16,
		"Timestamp": "2020-09-29T11:52:53.649Z"
	},
	{
		"Count": 17,
		"Timestamp": "2020-09-29T11:52:51.647Z"
	},
	{
		"Count": 17,
		"Timestamp": "2020-09-29T11:52:49.647Z"
	},
	{
		"Count": 16,
		"Timestamp": "2020-09-29T11:52:47.645Z"
	},
	{
		"Count": 17,
		"Timestamp": "2020-09-29T11:52:45.644Z"
	},
	{
		"Count": 17,
		"Timestamp": "2020-09-29T11:52:43.644Z"
	},
	{
		"Count": 16,
		"Timestamp": "2020-09-29T11:52:41.643Z"
	},
	{
		"Count": 17,
		"Timestamp": "2020-09-29T11:52:39.644Z"
	},
	{
		"Count": 17,
		"Timestamp": "2020-09-29T11:52:37.643Z"
	},
	{
		"Count": 16,
		"Timestamp": "2020-09-29T11:52:35.642Z"
	},
	{
		"Count": 17,
		"Timestamp": "2020-09-29T11:52:33.642Z"
	},
	{
		"Count": 17,
		"Timestamp": "2020-09-29T11:52:31.642Z"
	},
	{
		"Count": 16,
		"Timestamp": "2020-09-29T11:52:29.641Z"
	},
	{
		"Count": 17,
		"Timestamp": "2020-09-29T11:52:27.64Z"
	},
	{
		"Count": 17,
		"Timestamp": "2020-09-29T11:52:25.639Z"
	},
	{
		"Count": 16,
		"Timestamp": "2020-09-29T11:52:23.64Z"
	},
	{
		"Count": 17,
		"Timestamp": "2020-09-29T11:52:21.639Z"
	},
	{
		"Count": 17,
		"Timestamp": "2020-09-29T11:52:19.639Z"
	},
	{
		"Count": 16,
		"Timestamp": "2020-09-29T11:52:17.638Z"
	},
	{
		"Count": 16,
		"Timestamp": "2020-09-29T11:52:15.638Z"
	},
	{
		"Count": 17,
		"Timestamp": "2020-09-29T11:52:13.637Z"
	},
	{
		"Count": 16,
		"Timestamp": "2020-09-29T11:52:11.637Z"
	},
	{
		"Count": 17,
		"Timestamp": "2020-09-29T11:52:09.638Z"
	},
	{
		"Count": 17,
		"Timestamp": "2020-09-29T11:52:07.637Z"
	},
	{
		"Count": 16,
		"Timestamp": "2020-09-29T11:52:05.638Z"
	},
	{
		"Count": 17,
		"Timestamp": "2020-09-29T11:52:03.638Z"
	},
	{
		"Count": 17,
		"Timestamp": "2020-09-29T11:52:01.637Z"
	},
	{
		"Count": 16,
		"Timestamp": "2020-09-29T11:51:59.638Z"
	},
	{
		"Count": 17,
		"Timestamp": "2020-09-29T11:51:57.637Z"
	},
	{
		"Count": 17,
		"Timestamp": "2020-09-29T11:51:55.637Z"
	},
	{
		"Count": 16,
		"Timestamp": "2020-09-29T11:51:53.636Z"
	},
	{
		"Count": 17,
		"Timestamp": "2020-09-29T11:51:51.637Z"
	},
	{
		"Count": 17,
		"Timestamp": "2020-09-29T11:51:49.637Z"
	},
	{
		"Count": 16,
		"Timestamp": "2020-09-29T11:51:47.637Z"
	},
	{
		"Count": 17,
		"Timestamp": "2020-09-29T11:51:45.636Z"
	},
	{
		"Count": 17,
		"Timestamp": "2020-09-29T11:51:43.637Z"
	},
	{
		"Count": 16,
		"Timestamp": "2020-09-29T11:51:41.637Z"
	},
	{
		"Count": 17,
		"Timestamp": "2020-09-29T11:51:39.633Z"
	},
	{
		"Count": 17,
		"Timestamp": "2020-09-29T11:51:37.633Z"
	},
	{
		"Count": 16,
		"Timestamp": "2020-09-29T11:51:35.633Z"
	},
	{
		"Count": 17,
		"Timestamp": "2020-09-29T11:51:33.632Z"
	},
	{
		"Count": 17,
		"Timestamp": "2020-09-29T11:51:31.631Z"
	},
	{
		"Count": 16,
		"Timestamp": "2020-09-29T11:51:29.632Z"
	},
	{
		"Count": 17,
		"Timestamp": "2020-09-29T11:51:27.632Z"
	},
	{
		"Count": 16,
		"Timestamp": "2020-09-29T11:51:25.63Z"
	},
	{
		"Count": 17,
		"Timestamp": "2020-09-29T11:51:23.629Z"
	},
	{
		"Count": 17,
		"Timestamp": "2020-09-29T11:51:21.628Z"
	},
	{
		"Count": 17,
		"Timestamp": "2020-09-29T11:51:19.629Z"
	},
	{
		"Count": 16,
		"Timestamp": "2020-09-29T11:51:17.629Z"
	},
	{
		"Count": 17,
		"Timestamp": "2020-09-29T11:51:15.628Z"
	},
	{
		"Count": 17,
		"Timestamp": "2020-09-29T11:51:13.622Z"
	},
	{
		"Count": 16,
		"Timestamp": "2020-09-29T11:51:11.619Z"
	},
	{
		"Count": 17,
		"Timestamp": "2020-09-29T11:51:09.618Z"
	},
	{
		"Count": 17,
		"Timestamp": "2020-09-29T11:51:07.618Z"
	},
	{
		"Count": 16,
		"Timestamp": "2020-09-29T11:51:05.618Z"
	},
	{
		"Count": 17,
		"Timestamp": "2020-09-29T11:51:03.618Z"
	},
	{
		"Count": 17,
		"Timestamp": "2020-09-29T11:51:01.618Z"
	},
	{
		"Count": 16,
		"Timestamp": "2020-09-29T11:50:59.617Z"
	},
	{
		"Count": 17,
		"Timestamp": "2020-09-29T11:50:57.617Z"
	},
	{
		"Count": 15,
		"Timestamp": "2020-09-29T11:50:55.616Z"
	},
	{
		"Count": 13,
		"Timestamp": "2020-09-29T11:50:53.616Z"
	},
	{
		"Count": 2,
		"Timestamp": "2020-09-29T11:50:51.616Z"
	},
	{
		"Count": 10,
		"Timestamp": "2020-09-29T11:43:15.466Z"
	},
	{
		"Count": 12,
		"Timestamp": "2020-09-29T11:43:13.465Z"
	},
	{
		"Count": 9,
		"Timestamp": "2020-09-29T11:43:11.465Z"
	},
	{
		"Count": 9,
		"Timestamp": "2020-09-29T11:43:09.466Z"
	},
	{
		"Count": 7,
		"Timestamp": "2020-09-29T11:43:07.465Z"
	},
	{
		"Count": 8,
		"Timestamp": "2020-09-29T11:43:05.462Z"
	},
	{
		"Count": 7,
		"Timestamp": "2020-09-29T11:43:03.463Z"
	},
	{
		"Count": 8,
		"Timestamp": "2020-09-29T11:43:01.463Z"
	},
	{
		"Count": 7,
		"Timestamp": "2020-09-29T11:42:59.463Z"
	},
	{
		"Count": 8,
		"Timestamp": "2020-09-29T11:42:57.462Z"
	},
	{
		"Count": 8,
		"Timestamp": "2020-09-29T11:42:55.462Z"
	},
	{
		"Count": 7,
		"Timestamp": "2020-09-29T11:42:53.462Z"
	},
	{
		"Count": 8,
		"Timestamp": "2020-09-29T11:42:51.461Z"
	},
	{
		"Count": 7,
		"Timestamp": "2020-09-29T11:42:49.459Z"
	},
	{
		"Count": 8,
		"Timestamp": "2020-09-29T11:42:47.459Z"
	},
	{
		"Count": 8,
		"Timestamp": "2020-09-29T11:42:45.458Z"
	},
	{
		"Count": 7,
		"Timestamp": "2020-09-29T11:42:43.458Z"
	},
	{
		"Count": 8,
		"Timestamp": "2020-09-29T11:42:41.458Z"
	},
	{
		"Count": 7,
		"Timestamp": "2020-09-29T11:42:39.459Z"
	},
	{
		"Count": 8,
		"Timestamp": "2020-09-29T11:42:37.459Z"
	},
	{
		"Count": 7,
		"Timestamp": "2020-09-29T11:42:35.455Z"
	},
	{
		"Count": 8,
		"Timestamp": "2020-09-29T11:42:33.454Z"
	},
	{
		"Count": 8,
		"Timestamp": "2020-09-29T11:42:31.455Z"
	},
	{
		"Count": 7,
		"Timestamp": "2020-09-29T11:42:29.454Z"
	},
	{
		"Count": 8,
		"Timestamp": "2020-09-29T11:42:27.454Z"
	},
	{
		"Count": 7,
		"Timestamp": "2020-09-29T11:42:25.451Z"
	},
	{
		"Count": 8,
		"Timestamp": "2020-09-29T11:42:23.451Z"
	},
	{
		"Count": 8,
		"Timestamp": "2020-09-29T11:42:21.451Z"
	},
	{
		"Count": 7,
		"Timestamp": "2020-09-29T11:42:19.45Z"
	},
	{
		"Count": 8,
		"Timestamp": "2020-09-29T11:42:17.45Z"
	},
	{
		"Count": 8,
		"Timestamp": "2020-09-29T11:42:15.45Z"
	},
	{
		"Count": 7,
		"Timestamp": "2020-09-29T11:42:13.449Z"
	},
	{
		"Count": 8,
		"Timestamp": "2020-09-29T11:42:11.447Z"
	},
	{
		"Count": 7,
		"Timestamp": "2020-09-29T11:42:09.446Z"
	},
	{
		"Count": 8,
		"Timestamp": "2020-09-29T11:42:07.448Z"
	},
	{
		"Count": 7,
		"Timestamp": "2020-09-29T11:42:05.448Z"
	},
	{
		"Count": 8,
		"Timestamp": "2020-09-29T11:42:03.446Z"
	},
	{
		"Count": 8,
		"Timestamp": "2020-09-29T11:42:01.446Z"
	},
	{
		"Count": 7,
		"Timestamp": "2020-09-29T11:41:59.445Z"
	},
	{
		"Count": 8,
		"Timestamp": "2020-09-29T11:41:57.445Z"
	},
	{
		"Count": 7,
		"Timestamp": "2020-09-29T11:41:55.443Z"
	},
	{
		"Count": 8,
		"Timestamp": "2020-09-29T11:41:53.443Z"
	},
	{
		"Count": 8,
		"Timestamp": "2020-09-29T11:41:51.44Z"
	},
	{
		"Count": 7,
		"Timestamp": "2020-09-29T11:41:49.44Z"
	},
	{
		"Count": 8,
		"Timestamp": "2020-09-29T11:41:47.441Z"
	},
	{
		"Count": 7,
		"Timestamp": "2020-09-29T11:41:45.44Z"
	},
	{
		"Count": 8,
		"Timestamp": "2020-09-29T11:41:43.44Z"
	},
	{
		"Count": 8,
		"Timestamp": "2020-09-29T11:41:41.439Z"
	},
	{
		"Count": 7,
		"Timestamp": "2020-09-29T11:41:39.44Z"
	},
	{
		"Count": 8,
		"Timestamp": "2020-09-29T11:41:37.443Z"
	},
	{
		"Count": 7,
		"Timestamp": "2020-09-29T11:41:35.44Z"
	},
	{
		"Count": 8,
		"Timestamp": "2020-09-29T11:41:33.44Z"
	},
	{
		"Count": 7,
		"Timestamp": "2020-09-29T11:41:31.439Z"
	},
	{
		"Count": 8,
		"Timestamp": "2020-09-29T11:41:29.439Z"
	},
	{
		"Count": 8,
		"Timestamp": "2020-09-29T11:41:27.438Z"
	},
	{
		"Count": 7,
		"Timestamp": "2020-09-29T11:41:25.438Z"
	},
	{
		"Count": 8,
		"Timestamp": "2020-09-29T11:41:23.434Z"
	},
	{
		"Count": 7,
		"Timestamp": "2020-09-29T11:41:21.434Z"
	},
	{
		"Count": 8,
		"Timestamp": "2020-09-29T11:41:19.433Z"
	},
	{
		"Count": 8,
		"Timestamp": "2020-09-29T11:41:17.429Z"
	},
	{
		"Count": 7,
		"Timestamp": "2020-09-29T11:41:15.428Z"
	},
	{
		"Count": 8,
		"Timestamp": "2020-09-29T11:41:13.427Z"
	},
	{
		"Count": 7,
		"Timestamp": "2020-09-29T11:41:11.429Z"
	},
	{
		"Count": 8,
		"Timestamp": "2020-09-29T11:41:09.426Z"
	},
	{
		"Count": 8,
		"Timestamp": "2020-09-29T11:41:07.427Z"
	},
	{
		"Count": 7,
		"Timestamp": "2020-09-29T11:41:05.426Z"
	},
	{
		"Count": 8,
		"Timestamp": "2020-09-29T11:41:03.43Z"
	},
	{
		"Count": 7,
		"Timestamp": "2020-09-29T11:41:01.426Z"
	},
	{
		"Count": 8,
		"Timestamp": "2020-09-29T11:40:59.426Z"
	},
	{
		"Count": 7,
		"Timestamp": "2020-09-29T11:40:57.426Z"
	},
	{
		"Count": 8,
		"Timestamp": "2020-09-29T11:40:55.426Z"
	},
	{
		"Count": 8,
		"Timestamp": "2020-09-29T11:40:53.423Z"
	},
	{
		"Count": 7,
		"Timestamp": "2020-09-29T11:40:51.423Z"
	},
	{
		"Count": 8,
		"Timestamp": "2020-09-29T11:40:49.419Z"
	},
	{
		"Count": 8,
		"Timestamp": "2020-09-29T11:40:47.419Z"
	},
	{
		"Count": 7,
		"Timestamp": "2020-09-29T11:40:45.419Z"
	},
	{
		"Count": 8,
		"Timestamp": "2020-09-29T11:40:43.418Z"
	},
	{
		"Count": 7,
		"Timestamp": "2020-09-29T11:40:41.417Z"
	},
	{
		"Count": 8,
		"Timestamp": "2020-09-29T11:40:39.416Z"
	},
	{
		"Count": 7,
		"Timestamp": "2020-09-29T11:40:37.417Z"
	},
	{
		"Count": 8,
		"Timestamp": "2020-09-29T11:40:35.417Z"
	},
	{
		"Count": 8,
		"Timestamp": "2020-09-29T11:40:33.417Z"
	},
	{
		"Count": 7,
		"Timestamp": "2020-09-29T11:40:31.414Z"
	},
	{
		"Count": 8,
		"Timestamp": "2020-09-29T11:40:29.413Z"
	},
	{
		"Count": 7,
		"Timestamp": "2020-09-29T11:40:27.413Z"
	},
	{
		"Count": 8,
		"Timestamp": "2020-09-29T11:40:25.413Z"
	},
	{
		"Count": 8,
		"Timestamp": "2020-09-29T11:40:23.412Z"
	},
	{
		"Count": 7,
		"Timestamp": "2020-09-29T11:40:21.412Z"
	},
	{
		"Count": 8,
		"Timestamp": "2020-09-29T11:40:19.415Z"
	},
	{
		"Count": 7,
		"Timestamp": "2020-09-29T11:40:17.411Z"
	},
	{
		"Count": 8,
		"Timestamp": "2020-09-29T11:40:15.413Z"
	},
	{
		"Count": 8,
		"Timestamp": "2020-09-29T11:40:13.411Z"
	},
	{
		"Count": 7,
		"Timestamp": "2020-09-29T11:40:11.411Z"
	},
	{
		"Count": 8,
		"Timestamp": "2020-09-29T11:40:09.406Z"
	},
	{
		"Count": 7,
		"Timestamp": "2020-09-29T11:40:07.407Z"
	},
	{
		"Count": 8,
		"Timestamp": "2020-09-29T11:40:05.406Z"
	},
	{
		"Count": 8,
		"Timestamp": "2020-09-29T11:40:03.41Z"
	},
	{
		"Count": 7,
		"Timestamp": "2020-09-29T11:40:01.406Z"
	},
	{
		"Count": 8,
		"Timestamp": "2020-09-29T11:39:59.406Z"
	},
	{
		"Count": 7,
		"Timestamp": "2020-09-29T11:39:57.407Z"
	},
	{
		"Count": 8,
		"Timestamp": "2020-09-29T11:39:55.405Z"
	},
	{
		"Count": 7,
		"Timestamp": "2020-09-29T11:39:53.406Z"
	},
	{
		"Count": 8,
		"Timestamp": "2020-09-29T11:39:51.405Z"
	},
	{
		"Count": 8,
		"Timestamp": "2020-09-29T11:39:49.405Z"
	},
	{
		"Count": 7,
		"Timestamp": "2020-09-29T11:39:47.406Z"
	},
	{
		"Count": 8,
		"Timestamp": "2020-09-29T11:39:45.405Z"
	},
	{
		"Count": 7,
		"Timestamp": "2020-09-29T11:39:43.404Z"
	},
	{
		"Count": 8,
		"Timestamp": "2020-09-29T11:39:41.403Z"
	},
	{
		"Count": 8,
		"Timestamp": "2020-09-29T11:39:39.404Z"
	},
	{
		"Count": 7,
		"Timestamp": "2020-09-29T11:39:37.403Z"
	},
	{
		"Count": 8,
		"Timestamp": "2020-09-29T11:39:35.403Z"
	},
	{
		"Count": 8,
		"Timestamp": "2020-09-29T11:39:33.402Z"
	},
	{
		"Count": 11,
		"Timestamp": "2020-09-29T11:39:31.401Z"
	},
	{
		"Count": 14,
		"Timestamp": "2020-09-29T11:39:29.402Z"
	},
	{
		"Count": 15,
		"Timestamp": "2020-09-29T11:39:27.401Z"
	},
	{
		"Count": 16,
		"Timestamp": "2020-09-29T11:39:25.402Z"
	},
	{
		"Count": 16,
		"Timestamp": "2020-09-29T11:39:23.397Z"
	},
	{
		"Count": 17,
		"Timestamp": "2020-09-29T11:39:21.396Z"
	},
	{
		"Count": 17,
		"Timestamp": "2020-09-29T11:39:19.396Z"
	},
	{
		"Count": 17,
		"Timestamp": "2020-09-29T11:39:17.395Z"
	},
	{
		"Count": 16,
		"Timestamp": "2020-09-29T11:39:15.395Z"
	},
	{
		"Count": 17,
		"Timestamp": "2020-09-29T11:39:13.395Z"
	},
	{
		"Count": 17,
		"Timestamp": "2020-09-29T11:39:11.395Z"
	},
	{
		"Count": 16,
		"Timestamp": "2020-09-29T11:39:09.395Z"
	},
	{
		"Count": 17,
		"Timestamp": "2020-09-29T11:39:07.395Z"
	},
	{
		"Count": 17,
		"Timestamp": "2020-09-29T11:39:05.395Z"
	},
	{
		"Count": 16,
		"Timestamp": "2020-09-29T11:39:03.406Z"
	},
	{
		"Count": 17,
		"Timestamp": "2020-09-29T11:39:01.385Z"
	},
	{
		"Count": 16,
		"Timestamp": "2020-09-29T11:38:59.383Z"
	},
	{
		"Count": 17,
		"Timestamp": "2020-09-29T11:38:57.382Z"
	},
	{
		"Count": 17,
		"Timestamp": "2020-09-29T11:38:55.382Z"
	},
	{
		"Count": 17,
		"Timestamp": "2020-09-29T11:38:53.382Z"
	},
	{
		"Count": 16,
		"Timestamp": "2020-09-29T11:38:51.382Z"
	},
	{
		"Count": 17,
		"Timestamp": "2020-09-29T11:38:49.381Z"
	},
	{
		"Count": 16,
		"Timestamp": "2020-09-29T11:38:47.381Z"
	},
	{
		"Count": 17,
		"Timestamp": "2020-09-29T11:38:45.381Z"
	},
	{
		"Count": 17,
		"Timestamp": "2020-09-29T11:38:43.382Z"
	},
	{
		"Count": 17,
		"Timestamp": "2020-09-29T11:38:41.378Z"
	},
	{
		"Count": 16,
		"Timestamp": "2020-09-29T11:38:39.378Z"
	},
	{
		"Count": 17,
		"Timestamp": "2020-09-29T11:38:37.377Z"
	},
	{
		"Count": 16,
		"Timestamp": "2020-09-29T11:38:35.376Z"
	},
	{
		"Count": 17,
		"Timestamp": "2020-09-29T11:38:33.375Z"
	},
	{
		"Count": 17,
		"Timestamp": "2020-09-29T11:38:31.376Z"
	},
	{
		"Count": 16,
		"Timestamp": "2020-09-29T11:38:29.374Z"
	},
	{
		"Count": 17,
		"Timestamp": "2020-09-29T11:38:27.375Z"
	},
	{
		"Count": 17,
		"Timestamp": "2020-09-29T11:38:25.37Z"
	},
	{
		"Count": 17,
		"Timestamp": "2020-09-29T11:38:23.37Z"
	},
	{
		"Count": 16,
		"Timestamp": "2020-09-29T11:38:21.369Z"
	},
	{
		"Count": 17,
		"Timestamp": "2020-09-29T11:38:19.368Z"
	},
	{
		"Count": 17,
		"Timestamp": "2020-09-29T11:38:17.368Z"
	},
	{
		"Count": 16,
		"Timestamp": "2020-09-29T11:38:15.366Z"
	},
	{
		"Count": 17,
		"Timestamp": "2020-09-29T11:38:13.364Z"
	},
	{
		"Count": 17,
		"Timestamp": "2020-09-29T11:38:11.366Z"
	},
	{
		"Count": 16,
		"Timestamp": "2020-09-29T11:38:09.364Z"
	},
	{
		"Count": 17,
		"Timestamp": "2020-09-29T11:38:07.364Z"
	},
	{
		"Count": 16,
		"Timestamp": "2020-09-29T11:38:05.365Z"
	},
	{
		"Count": 17,
		"Timestamp": "2020-09-29T11:38:03.362Z"
	},
	{
		"Count": 17,
		"Timestamp": "2020-09-29T11:38:01.362Z"
	},
	{
		"Count": 16,
		"Timestamp": "2020-09-29T11:37:59.362Z"
	},
	{
		"Count": 17,
		"Timestamp": "2020-09-29T11:37:57.362Z"
	},
	{
		"Count": 17,
		"Timestamp": "2020-09-29T11:37:55.363Z"
	},
	{
		"Count": 17,
		"Timestamp": "2020-09-29T11:37:53.361Z"
	},
	{
		"Count": 16,
		"Timestamp": "2020-09-29T11:37:51.361Z"
	},
	{
		"Count": 17,
		"Timestamp": "2020-09-29T11:37:49.36Z"
	},
	{
		"Count": 17,
		"Timestamp": "2020-09-29T11:37:47.36Z"
	},
	{
		"Count": 16,
		"Timestamp": "2020-09-29T11:37:45.36Z"
	},
	{
		"Count": 17,
		"Timestamp": "2020-09-29T11:37:43.359Z"
	},
	{
		"Count": 16,
		"Timestamp": "2020-09-29T11:37:41.358Z"
	},
	{
		"Count": 17,
		"Timestamp": "2020-09-29T11:37:39.359Z"
	},
	{
		"Count": 17,
		"Timestamp": "2020-09-29T11:37:37.358Z"
	},
	{
		"Count": 16,
		"Timestamp": "2020-09-29T11:37:35.359Z"
	},
	{
		"Count": 17,
		"Timestamp": "2020-09-29T11:37:33.358Z"
	},
	{
		"Count": 17,
		"Timestamp": "2020-09-29T11:37:31.358Z"
	},
	{
		"Count": 16,
		"Timestamp": "2020-09-29T11:37:29.356Z"
	},
	{
		"Count": 17,
		"Timestamp": "2020-09-29T11:37:27.356Z"
	},
	{
		"Count": 17,
		"Timestamp": "2020-09-29T11:37:25.356Z"
	},
	{
		"Count": 16,
		"Timestamp": "2020-09-29T11:37:23.355Z"
	},
	{
		"Count": 17,
		"Timestamp": "2020-09-29T11:37:21.355Z"
	},
	{
		"Count": 17,
		"Timestamp": "2020-09-29T11:37:19.354Z"
	},
	{
		"Count": 16,
		"Timestamp": "2020-09-29T11:37:17.355Z"
	},
	{
		"Count": 17,
		"Timestamp": "2020-09-29T11:37:15.354Z"
	},
	{
		"Count": 17,
		"Timestamp": "2020-09-29T11:37:13.354Z"
	},
	{
		"Count": 16,
		"Timestamp": "2020-09-29T11:37:11.355Z"
	},
	{
		"Count": 17,
		"Timestamp": "2020-09-29T11:37:09.354Z"
	},
	{
		"Count": 17,
		"Timestamp": "2020-09-29T11:37:07.354Z"
	},
	{
		"Count": 16,
		"Timestamp": "2020-09-29T11:37:05.353Z"
	},
	{
		"Count": 17,
		"Timestamp": "2020-09-29T11:37:03.353Z"
	},
	{
		"Count": 17,
		"Timestamp": "2020-09-29T11:37:01.352Z"
	},
	{
		"Count": 16,
		"Timestamp": "2020-09-29T11:36:59.353Z"
	},
	{
		"Count": 17,
		"Timestamp": "2020-09-29T11:36:57.352Z"
	},
	{
		"Count": 17,
		"Timestamp": "2020-09-29T11:36:55.351Z"
	},
	{
		"Count": 16,
		"Timestamp": "2020-09-29T11:36:53.352Z"
	},
	{
		"Count": 17,
		"Timestamp": "2020-09-29T11:36:51.352Z"
	},
	{
		"Count": 17,
		"Timestamp": "2020-09-29T11:36:49.352Z"
	},
	{
		"Count": 16,
		"Timestamp": "2020-09-29T11:36:47.352Z"
	},
	{
		"Count": 17,
		"Timestamp": "2020-09-29T11:36:45.351Z"
	},
	{
		"Count": 17,
		"Timestamp": "2020-09-29T11:36:43.351Z"
	},
	{
		"Count": 16,
		"Timestamp": "2020-09-29T11:36:41.352Z"
	},
	{
		"Count": 17,
		"Timestamp": "2020-09-29T11:36:39.352Z"
	},
	{
		"Count": 17,
		"Timestamp": "2020-09-29T11:36:37.35Z"
	},
	{
		"Count": 16,
		"Timestamp": "2020-09-29T11:36:35.35Z"
	},
	{
		"Count": 17,
		"Timestamp": "2020-09-29T11:36:33.35Z"
	},
	{
		"Count": 16,
		"Timestamp": "2020-09-29T11:36:31.349Z"
	},
	{
		"Count": 17,
		"Timestamp": "2020-09-29T11:36:29.349Z"
	},
	{
		"Count": 17,
		"Timestamp": "2020-09-29T11:36:27.349Z"
	},
	{
		"Count": 17,
		"Timestamp": "2020-09-29T11:36:25.349Z"
	},
	{
		"Count": 16,
		"Timestamp": "2020-09-29T11:36:23.347Z"
	},
	{
		"Count": 17,
		"Timestamp": "2020-09-29T11:36:21.348Z"
	},
	{
		"Count": 17,
		"Timestamp": "2020-09-29T11:36:19.345Z"
	},
	{
		"Count": 16,
		"Timestamp": "2020-09-29T11:36:17.346Z"
	},
	{
		"Count": 17,
		"Timestamp": "2020-09-29T11:36:15.345Z"
	},
	{
		"Count": 17,
		"Timestamp": "2020-09-29T11:36:13.344Z"
	},
	{
		"Count": 16,
		"Timestamp": "2020-09-29T11:36:11.345Z"
	},
	{
		"Count": 17,
		"Timestamp": "2020-09-29T11:36:09.344Z"
	},
	{
		"Count": 16,
		"Timestamp": "2020-09-29T11:36:07.343Z"
	},
	{
		"Count": 16,
		"Timestamp": "2020-09-29T11:36:05.344Z"
	},
	{
		"Count": 17,
		"Timestamp": "2020-09-29T11:36:03.341Z"
	},
	{
		"Count": 16,
		"Timestamp": "2020-09-29T11:36:01.341Z"
	},
	{
		"Count": 17,
		"Timestamp": "2020-09-29T11:35:59.341Z"
	},
	{
		"Count": 17,
		"Timestamp": "2020-09-29T11:35:57.341Z"
	},
	{
		"Count": 16,
		"Timestamp": "2020-09-29T11:35:55.339Z"
	},
	{
		"Count": 14,
		"Timestamp": "2020-09-29T11:35:53.34Z"
	},
	{
		"Count": 9,
		"Timestamp": "2020-09-29T11:35:51.339Z"
	},
	{
		"Count": 10,
		"Timestamp": "2020-09-29T11:34:49.316Z"
	},
	{
		"Count": 12,
		"Timestamp": "2020-09-29T11:34:47.317Z"
	},
	{
		"Count": 10,
		"Timestamp": "2020-09-29T11:34:45.317Z"
	},
	{
		"Count": 8,
		"Timestamp": "2020-09-29T11:34:43.317Z"
	},
	{
		"Count": 7,
		"Timestamp": "2020-09-29T11:34:41.316Z"
	},
	{
		"Count": 8,
		"Timestamp": "2020-09-29T11:34:39.316Z"
	},
	{
		"Count": 8,
		"Timestamp": "2020-09-29T11:34:37.313Z"
	},
	{
		"Count": 7,
		"Timestamp": "2020-09-29T11:34:35.314Z"
	},
	{
		"Count": 8,
		"Timestamp": "2020-09-29T11:34:33.313Z"
	},
	{
		"Count": 7,
		"Timestamp": "2020-09-29T11:34:31.312Z"
	},
	{
		"Count": 8,
		"Timestamp": "2020-09-29T11:34:29.312Z"
	},
	{
		"Count": 7,
		"Timestamp": "2020-09-29T11:34:27.31Z"
	},
	{
		"Count": 8,
		"Timestamp": "2020-09-29T11:34:25.309Z"
	},
	{
		"Count": 7,
		"Timestamp": "2020-09-29T11:34:23.309Z"
	},
	{
		"Count": 7,
		"Timestamp": "2020-09-29T11:33:17.292Z"
	},
	{
		"Count": 8,
		"Timestamp": "2020-09-29T11:33:15.292Z"
	},
	{
		"Count": 7,
		"Timestamp": "2020-09-29T11:33:13.292Z"
	},
	{
		"Count": 8,
		"Timestamp": "2020-09-29T11:33:11.292Z"
	},
	{
		"Count": 8,
		"Timestamp": "2020-09-29T11:33:09.288Z"
	},
	{
		"Count": 7,
		"Timestamp": "2020-09-29T11:33:07.288Z"
	},
	{
		"Count": 8,
		"Timestamp": "2020-09-29T11:33:05.288Z"
	},
	{
		"Count": 7,
		"Timestamp": "2020-09-29T11:33:03.288Z"
	},
	{
		"Count": 8,
		"Timestamp": "2020-09-29T11:33:01.286Z"
	},
	{
		"Count": 8,
		"Timestamp": "2020-09-29T11:32:59.287Z"
	},
	{
		"Count": 7,
		"Timestamp": "2020-09-29T11:32:57.286Z"
	},
	{
		"Count": 8,
		"Timestamp": "2020-09-29T11:32:55.285Z"
	},
	{
		"Count": 7,
		"Timestamp": "2020-09-29T11:32:53.285Z"
	},
	{
		"Count": 8,
		"Timestamp": "2020-09-29T11:32:51.284Z"
	},
	{
		"Count": 8,
		"Timestamp": "2020-09-29T11:32:49.283Z"
	},
	{
		"Count": 7,
		"Timestamp": "2020-09-29T11:32:47.282Z"
	},
	{
		"Count": 8,
		"Timestamp": "2020-09-29T11:32:45.283Z"
	},
	{
		"Count": 7,
		"Timestamp": "2020-09-29T11:32:43.282Z"
	},
	{
		"Count": 8,
		"Timestamp": "2020-09-29T11:32:41.283Z"
	},
	{
		"Count": 8,
		"Timestamp": "2020-09-29T11:32:39.281Z"
	},
	{
		"Count": 8,
		"Timestamp": "2020-09-29T11:32:11.278Z"
	},
	{
		"Count": 7,
		"Timestamp": "2020-09-29T11:32:09.277Z"
	},
	{
		"Count": 8,
		"Timestamp": "2020-09-29T11:32:07.276Z"
	},
	{
		"Count": 8,
		"Timestamp": "2020-09-29T11:32:05.276Z"
	},
	{
		"Count": 7,
		"Timestamp": "2020-09-29T11:32:03.277Z"
	},
	{
		"Count": 8,
		"Timestamp": "2020-09-29T11:32:01.277Z"
	},
	{
		"Count": 7,
		"Timestamp": "2020-09-29T11:31:59.276Z"
	},
	{
		"Count": 8,
		"Timestamp": "2020-09-29T11:31:57.275Z"
	},
	{
		"Count": 8,
		"Timestamp": "2020-09-29T11:31:55.275Z"
	},
	{
		"Count": 10,
		"Timestamp": "2020-09-29T11:31:53.276Z"
	},
	{
		"Count": 12,
		"Timestamp": "2020-09-29T11:31:51.275Z"
	},
	{
		"Count": 15,
		"Timestamp": "2020-09-29T11:31:49.275Z"
	},
	{
		"Count": 16,
		"Timestamp": "2020-09-29T11:31:47.275Z"
	},
	{
		"Count": 17,
		"Timestamp": "2020-09-29T11:31:45.275Z"
	},
	{
		"Count": 17,
		"Timestamp": "2020-09-29T11:31:43.275Z"
	},
	{
		"Count": 16,
		"Timestamp": "2020-09-29T11:31:41.277Z"
	},
	{
		"Count": 17,
		"Timestamp": "2020-09-29T11:31:39.276Z"
	},
	{
		"Count": 17,
		"Timestamp": "2020-09-29T11:31:37.276Z"
	},
	{
		"Count": 16,
		"Timestamp": "2020-09-29T11:31:35.275Z"
	},
	{
		"Count": 17,
		"Timestamp": "2020-09-29T11:31:33.276Z"
	},
	{
		"Count": 16,
		"Timestamp": "2020-09-29T11:31:05.266Z"
	},
	{
		"Count": 17,
		"Timestamp": "2020-09-29T11:31:03.266Z"
	},
	{
		"Count": 17,
		"Timestamp": "2020-09-29T11:31:01.267Z"
	},
	{
		"Count": 16,
		"Timestamp": "2020-09-29T11:30:59.266Z"
	},
	{
		"Count": 17,
		"Timestamp": "2020-09-29T11:30:57.266Z"
	},
	{
		"Count": 17,
		"Timestamp": "2020-09-29T11:30:55.266Z"
	},
	{
		"Count": 16,
		"Timestamp": "2020-09-29T11:30:53.26Z"
	},
	{
		"Count": 17,
		"Timestamp": "2020-09-29T11:30:51.261Z"
	},
	{
		"Count": 17,
		"Timestamp": "2020-09-29T11:30:49.261Z"
	},
	{
		"Count": 16,
		"Timestamp": "2020-09-29T11:30:47.26Z"
	},
	{
		"Count": 17,
		"Timestamp": "2020-09-29T11:30:45.26Z"
	},
	{
		"Count": 17,
		"Timestamp": "2020-09-29T11:30:43.259Z"
	},
	{
		"Count": 16,
		"Timestamp": "2020-09-29T11:30:41.259Z"
	},
	{
		"Count": 17,
		"Timestamp": "2020-09-29T11:30:39.259Z"
	},
	{
		"Count": 17,
		"Timestamp": "2020-09-29T11:30:37.26Z"
	},
	{
		"Count": 16,
		"Timestamp": "2020-09-29T11:30:35.257Z"
	},
	{
		"Count": 17,
		"Timestamp": "2020-09-29T11:30:33.256Z"
	},
	{
		"Count": 17,
		"Timestamp": "2020-09-29T11:30:31.256Z"
	},
	{
		"Count": 16,
		"Timestamp": "2020-09-29T11:30:29.255Z"
	},
	{
		"Count": 17,
		"Timestamp": "2020-09-29T11:30:27.256Z"
	},
	{
		"Count": 17,
		"Timestamp": "2020-09-29T11:29:31.253Z"
	},
	{
		"Count": 16,
		"Timestamp": "2020-09-29T11:29:29.253Z"
	},
	{
		"Count": 17,
		"Timestamp": "2020-09-29T11:29:27.252Z"
	},
	{
		"Count": 16,
		"Timestamp": "2020-09-29T11:29:25.253Z"
	},
	{
		"Count": 17,
		"Timestamp": "2020-09-29T11:29:23.246Z"
	},
	{
		"Count": 17,
		"Timestamp": "2020-09-29T11:29:21.247Z"
	},
	{
		"Count": 16,
		"Timestamp": "2020-09-29T11:29:19.246Z"
	},
	{
		"Count": 17,
		"Timestamp": "2020-09-29T11:29:17.245Z"
	},
	{
		"Count": 17,
		"Timestamp": "2020-09-29T11:29:15.244Z"
	},
	{
		"Count": 16,
		"Timestamp": "2020-09-29T11:29:13.243Z"
	},
	{
		"Count": 16,
		"Timestamp": "2020-09-29T11:29:11.242Z"
	},
	{
		"Count": 17,
		"Timestamp": "2020-09-29T11:29:09.241Z"
	},
	{
		"Count": 16,
		"Timestamp": "2020-09-29T11:29:07.242Z"
	},
	{
		"Count": 17,
		"Timestamp": "2020-09-29T11:29:05.242Z"
	},
	{
		"Count": 17,
		"Timestamp": "2020-09-29T11:29:03.241Z"
	},
	{
		"Count": 16,
		"Timestamp": "2020-09-29T11:29:01.24Z"
	},
	{
		"Count": 17,
		"Timestamp": "2020-09-29T11:28:59.239Z"
	},
	{
		"Count": 17,
		"Timestamp": "2020-09-29T11:28:57.239Z"
	},
	{
		"Count": 16,
		"Timestamp": "2020-09-29T11:28:55.238Z"
	},
	{
		"Count": 17,
		"Timestamp": "2020-09-29T11:28:53.237Z"
	},
	{
		"Count": 16,
		"Timestamp": "2020-09-29T11:28:25.232Z"
	},
	{
		"Count": 17,
		"Timestamp": "2020-09-29T11:28:23.232Z"
	},
	{
		"Count": 17,
		"Timestamp": "2020-09-29T11:28:21.231Z"
	},
	{
		"Count": 16,
		"Timestamp": "2020-09-29T11:28:19.231Z"
	},
	{
		"Count": 17,
		"Timestamp": "2020-09-29T11:28:17.23Z"
	},
	{
		"Count": 17,
		"Timestamp": "2020-09-29T11:28:15.23Z"
	},
	{
		"Count": 16,
		"Timestamp": "2020-09-29T11:28:13.231Z"
	},
	{
		"Count": 17,
		"Timestamp": "2020-09-29T11:28:11.23Z"
	},
	{
		"Count": 17,
		"Timestamp": "2020-09-29T11:28:09.231Z"
	},
	{
		"Count": 16,
		"Timestamp": "2020-09-29T11:28:07.23Z"
	},
	{
		"Count": 17,
		"Timestamp": "2020-09-29T11:28:05.23Z"
	},
	{
		"Count": 17,
		"Timestamp": "2020-09-29T11:28:03.229Z"
	},
	{
		"Count": 15,
		"Timestamp": "2020-09-29T11:28:01.23Z"
	},
	{
		"Count": 17,
		"Timestamp": "2020-09-29T11:27:59.229Z"
	},
	{
		"Count": 17,
		"Timestamp": "2020-09-29T11:27:57.229Z"
	},
	{
		"Count": 16,
		"Timestamp": "2020-09-29T11:27:55.229Z"
	},
	{
		"Count": 17,
		"Timestamp": "2020-09-29T11:27:53.229Z"
	},
	{
		"Count": 17,
		"Timestamp": "2020-09-29T11:27:51.228Z"
	},
	{
		"Count": 16,
		"Timestamp": "2020-09-29T11:27:49.228Z"
	},
	{
		"Count": 17,
		"Timestamp": "2020-09-29T11:27:47.229Z"
	},
	{
		"Count": 16,
		"Timestamp": "2020-09-29T11:27:19.22Z"
	},
	{
		"Count": 17,
		"Timestamp": "2020-09-29T11:27:17.22Z"
	},
	{
		"Count": 17,
		"Timestamp": "2020-09-29T11:27:15.224Z"
	},
	{
		"Count": 16,
		"Timestamp": "2020-09-29T11:27:13.22Z"
	},
	{
		"Count": 17,
		"Timestamp": "2020-09-29T11:27:11.22Z"
	},
	{
		"Count": 17,
		"Timestamp": "2020-09-29T11:27:09.221Z"
	},
	{
		"Count": 16,
		"Timestamp": "2020-09-29T11:27:07.22Z"
	},
	{
		"Count": 17,
		"Timestamp": "2020-09-29T11:27:05.221Z"
	},
	{
		"Count": 17,
		"Timestamp": "2020-09-29T11:27:03.219Z"
	},
	{
		"Count": 16,
		"Timestamp": "2020-09-29T11:27:01.22Z"
	},
	{
		"Count": 17,
		"Timestamp": "2020-09-29T11:26:59.219Z"
	},
	{
		"Count": 17,
		"Timestamp": "2020-09-29T11:26:57.218Z"
	},
	{
		"Count": 16,
		"Timestamp": "2020-09-29T11:26:55.218Z"
	},
	{
		"Count": 17,
		"Timestamp": "2020-09-29T11:26:53.217Z"
	},
	{
		"Count": 17,
		"Timestamp": "2020-09-29T11:26:51.217Z"
	},
	{
		"Count": 16,
		"Timestamp": "2020-09-29T11:26:49.217Z"
	},
	{
		"Count": 17,
		"Timestamp": "2020-09-29T11:26:47.218Z"
	},
	{
		"Count": 17,
		"Timestamp": "2020-09-29T11:26:45.217Z"
	},
	{
		"Count": 16,
		"Timestamp": "2020-09-29T11:26:43.218Z"
	},
	{
		"Count": 17,
		"Timestamp": "2020-09-29T11:26:41.216Z"
	},
	{
		"Count": 14,
		"Timestamp": "2020-09-29T11:26:13.211Z"
	},
	{
		"Count": 17,
		"Timestamp": "2020-09-29T11:26:11.21Z"
	},
	{
		"Count": 17,
		"Timestamp": "2020-09-29T11:26:09.21Z"
	},
	{
		"Count": 16,
		"Timestamp": "2020-09-29T11:26:07.211Z"
	},
	{
		"Count": 17,
		"Timestamp": "2020-09-29T11:26:05.21Z"
	},
	{
		"Count": 17,
		"Timestamp": "2020-09-29T11:26:03.21Z"
	},
	{
		"Count": 16,
		"Timestamp": "2020-09-29T11:26:01.211Z"
	},
	{
		"Count": 17,
		"Timestamp": "2020-09-29T11:25:59.211Z"
	},
	{
		"Count": 17,
		"Timestamp": "2020-09-29T11:25:57.211Z"
	},
	{
		"Count": 16,
		"Timestamp": "2020-09-29T11:25:55.207Z"
	},
	{
		"Count": 17,
		"Timestamp": "2020-09-29T11:25:53.207Z"
	},
	{
		"Count": 16,
		"Timestamp": "2020-09-29T11:25:51.207Z"
	},
	{
		"Count": 17,
		"Timestamp": "2020-09-29T11:25:49.206Z"
	},
	{
		"Count": 17,
		"Timestamp": "2020-09-29T11:25:47.205Z"
	},
	{
		"Count": 17,
		"Timestamp": "2020-09-29T11:25:45.204Z"
	},
	{
		"Count": 16,
		"Timestamp": "2020-09-29T11:25:43.205Z"
	},
	{
		"Count": 17,
		"Timestamp": "2020-09-29T11:25:41.204Z"
	},
	{
		"Count": 17,
		"Timestamp": "2020-09-29T11:25:39.204Z"
	},
	{
		"Count": 16,
		"Timestamp": "2020-09-29T11:25:37.205Z"
	},
	{
		"Count": 17,
		"Timestamp": "2020-09-29T11:25:35.204Z"
	},
	{
		"Count": 16,
		"Timestamp": "2020-09-29T11:25:07.196Z"
	},
	{
		"Count": 17,
		"Timestamp": "2020-09-29T11:25:05.195Z"
	},
	{
		"Count": 17,
		"Timestamp": "2020-09-29T11:25:03.195Z"
	},
	{
		"Count": 16,
		"Timestamp": "2020-09-29T11:25:01.194Z"
	},
	{
		"Count": 17,
		"Timestamp": "2020-09-29T11:24:59.192Z"
	},
	{
		"Count": 17,
		"Timestamp": "2020-09-29T11:24:57.192Z"
	},
	{
		"Count": 16,
		"Timestamp": "2020-09-29T11:24:55.192Z"
	},
	{
		"Count": 17,
		"Timestamp": "2020-09-29T11:24:53.191Z"
	},
	{
		"Count": 17,
		"Timestamp": "2020-09-29T11:24:51.192Z"
	},
	{
		"Count": 16,
		"Timestamp": "2020-09-29T11:24:49.19Z"
	},
	{
		"Count": 17,
		"Timestamp": "2020-09-29T11:24:47.189Z"
	},
	{
		"Count": 17,
		"Timestamp": "2020-09-29T11:24:45.192Z"
	},
	{
		"Count": 16,
		"Timestamp": "2020-09-29T11:24:43.189Z"
	},
	{
		"Count": 17,
		"Timestamp": "2020-09-29T11:24:41.188Z"
	},
	{
		"Count": 17,
		"Timestamp": "2020-09-29T11:24:39.188Z"
	},
	{
		"Count": 16,
		"Timestamp": "2020-09-29T11:24:37.186Z"
	},
	{
		"Count": 17,
		"Timestamp": "2020-09-29T11:24:35.188Z"
	},
	{
		"Count": 17,
		"Timestamp": "2020-09-29T11:24:33.184Z"
	},
	{
		"Count": 16,
		"Timestamp": "2020-09-29T11:24:31.184Z"
	},
	{
		"Count": 17,
		"Timestamp": "2020-09-29T11:24:29.184Z"
	},
	{
		"Count": 17,
		"Timestamp": "2020-09-29T11:24:01.177Z"
	},
	{
		"Count": 17,
		"Timestamp": "2020-09-29T11:23:59.177Z"
	},
	{
		"Count": 17,
		"Timestamp": "2020-09-29T11:23:57.176Z"
	},
	{
		"Count": 16,
		"Timestamp": "2020-09-29T11:23:55.176Z"
	},
	{
		"Count": 17,
		"Timestamp": "2020-09-29T11:23:53.176Z"
	},
	{
		"Count": 16,
		"Timestamp": "2020-09-29T11:23:51.176Z"
	},
	{
		"Count": 17,
		"Timestamp": "2020-09-29T11:23:49.176Z"
	},
	{
		"Count": 17,
		"Timestamp": "2020-09-29T11:23:47.173Z"
	},
	{
		"Count": 16,
		"Timestamp": "2020-09-29T11:23:45.172Z"
	},
	{
		"Count": 17,
		"Timestamp": "2020-09-29T11:23:43.173Z"
	},
	{
		"Count": 17,
		"Timestamp": "2020-09-29T11:23:41.171Z"
	},
	{
		"Count": 16,
		"Timestamp": "2020-09-29T11:23:39.17Z"
	},
	{
		"Count": 17,
		"Timestamp": "2020-09-29T11:23:37.17Z"
	},
	{
		"Count": 17,
		"Timestamp": "2020-09-29T11:23:35.171Z"
	},
	{
		"Count": 17,
		"Timestamp": "2020-09-29T11:23:33.17Z"
	},
	{
		"Count": 16,
		"Timestamp": "2020-09-29T11:23:31.171Z"
	},
	{
		"Count": 17,
		"Timestamp": "2020-09-29T11:23:29.17Z"
	},
	{
		"Count": 17,
		"Timestamp": "2020-09-29T11:23:27.169Z"
	},
	{
		"Count": 16,
		"Timestamp": "2020-09-29T11:23:25.17Z"
	},
	{
		"Count": 17,
		"Timestamp": "2020-09-29T11:23:23.169Z"
	},
	{
		"Count": 17,
		"Timestamp": "2020-09-29T11:22:55.162Z"
	},
	{
		"Count": 17,
		"Timestamp": "2020-09-29T11:22:53.163Z"
	},
	{
		"Count": 16,
		"Timestamp": "2020-09-29T11:22:51.16Z"
	}
]