[
	{
		"Count": 16,
		"Timestamp": "2020-09-29T12:09:01.953Z"
	},
	{
		"Count": 17,
		"Timestamp": "2020-09-29T12:08:59.952Z"
	},
	{
		"Count": 17,
		"Timestamp": "2020-09-29T12:08:57.952Z"
	},
	{
		"Count": 16,
		"Timestamp": "2020-09-29T12:08:55.953Z"
	},
	{
		"Count": 17,
		"Timestamp": "2020-09-29T12:08:53.953Z"
	},
	{
		"Count": 17,
		"Timestamp": "2020-09-29T12:08:51.953Z"
	},
	{
		"Count": 16,
		"Timestamp": "2020-09-29T12:08:49.949Z"
	},
	{
		"Count": 17,
		"Timestamp": "2020-09-29T12:08:47.948Z"
	},
	{
		"Count": 17,
		"Timestamp": "2020-09-29T12:08:45.948Z"
	},
	{
		"Count": 17,
		"Timestamp": "2020-09-29T12:08:43.948Z"
	},
	{
		"Count": 16,
		"Timestamp": "2020-09-29T12:08:41.948Z"
	},
	{
		"Count": 17,
		"Timestamp": "2020-09-29T12:08:39.947Z"
	},
	{
		"Count": 16,
		"Timestamp": "2020-09-29T12:08:37.947Z"
	},
	{
		"Count": 17,
		"Timestamp": "2020-09-29T12:08:35.948Z"
	},
	{
		"Count": 17,
		"Timestamp": "2020-09-29T12:08:33.947Z"
	},
	{
		"Count": 16,
		"Timestamp": "2020-09-29T12:08:31.946Z"
	},
	{
		"Count": 17,
		"Timestamp": "2020-09-29T12:08:29.946Z"
	},
	{
		"Count": 17,
		"Timestamp": "2020-09-29T12:08:27.945Z"
	},
	{
		"Count": 16,
		"Timestamp": "2020-09-29T12:08:25.946Z"
	},
	{
		"Count": 17,
		"Timestamp": "2020-09-29T12:08:23.946Z"
	},
	{
		"Count": 17,
		"Timestamp": "2020-09-29T12:08:21.945Z"
	},
	{
		"Count": 16,
		"Timestamp": "2020-09-29T12:08:19.946Z"
	},
	{
		"Count": 17,
		"Timestamp": "2020-09-29T12:08:17.945Z"
	},
	{
		"Count": 17,
		"Timestamp": "2020-09-29T12:08:15.946Z"
	},
	{
		"Count": 16,
		"Timestamp": "2020-09-29T12:08:13.942Z"
	},
	{
		"Count": 17,
		"Timestamp": "2020-09-29T12:08:11.942Z"
	},
	{
		"Count": 17,
		"Timestamp": "2020-09-29T12:08:09.943Z"
	},
	{
		"Count": 16,
		"Timestamp": "2020-09-29T12:08:07.942Z"
	},
	{
		"Count": 17,
		"Timestamp": "2020-09-29T12:08:05.942Z"
	},
	{
		"Count": 17,
		"Timestamp": "2020-09-29T12:08:03.942Z"
	},
	{
		"Count": 16,
		"Timestamp": "2020-09-29T12:08:01.942Z"
	},
	{
		"Count": 17,
		"Timestamp": "2020-09-29T12:07:59.942Z"
	},
	{
		"Count": 17,
		"Timestamp": "2020-09-29T12:07:57.941Z"
	},
	{
		"Count": 16,
		"Timestamp": "2020-09-29T12:07:55.94Z"
	},
	{
		"Count": 17,
		"Timestamp": "2020-09-29T12:07:53.939Z"
	},
	{
		"Count": 17,
		"Timestamp": "2020-09-29T12:07:51.94Z"
	},
	{
		"Count": 16,
		"Timestamp": "2020-09-29T12:07:49.938Z"
	},
	{
		"Count": 17,
		"Timestamp": "2020-09-29T12:07:47.939Z"
	},
	{
		"Count": 17,
		"Timestamp": "2020-09-29T12:07:45.938Z"
	},
	{
		"Count": 16,
		"Timestamp": "2020-09-29T12:07:43.937Z"
	},
	{
		"Count": 17,
		"Timestamp": "2020-09-29T12:07:41.939Z"
	},
	{
		"Count": 17,
		"Timestamp": "2020-09-29T12:07:39.936Z"
	},
	{
		"Count": 16,
		"Timestamp": "2020-09-29T12:07:37.936Z"
	},
	{
		"Count": 17,
		"Timestamp": "2020-09-29T12:07:35.936Z"
	},
	{
		"Count": 17,
		"Timestamp": "2020-09-29T12:07:33.936Z"
	},
	{
		"Count": 16,
		"Timestamp": "2020-09-29T12:07:31.936Z"
	},
	{
		"Count": 17,
		"Timestamp": "2020-09-29T12:07:29.936Z"
	},
	{
		"Count": 17,
		"Timestamp": "2020-09-29T12:07:27.942Z"
	},
	{
		"Count": 16,
		"Timestamp": "2020-09-29T12:07:25.936Z"
	},
	{
		"Count": 17,
		"Timestamp": "2020-09-29T12:07:23.936Z"
	},
	{
		"Count": 17,
		"Timestamp": "2020-09-29T12:07:21.934Z"
	},
	{
		"Count": 16,
		"Timestamp": "2020-09-29T12:07:19.935Z"
	},
	{
		"Count": 17,
		"Timestamp": "2020-09-29T12:07:17.934Z"
	},
	{
		"Count": 17,
		"Timestamp": "2020-09-29T12:07:15.934Z"
	},
	{
		"Count": 16,
		"Timestamp": "2020-09-29T12:07:13.931Z"
	},
	{
		"Count": 17,
		"Timestamp": "2020-09-29T12:07:11.932Z"
	},
	{
		"Count": 17,
		"Timestamp": "2020-09-29T12:07:09.932Z"
	},
	{
		"Count": 16,
		"Timestamp": "2020-09-29T12:07:07.931Z"
	},
	{
		"Count": 17,
		"Timestamp": "2020-09-29T12:07:05.932Z"
	},
	{
		"Count": 17,
		"Timestamp": "2020-09-29T12:07:03.932Z"
	},
	{
		"Count": 16,
		"Timestamp": "2020-09-29T12:07:01.932Z"
	},
	{
		"Count": 17,
		"Timestamp": "2020-09-29T12:06:59.929Z"
	},
	{
		"Count": 17,
		"Timestamp": "2020-09-29T12:06:57.929Z"
	},
	{
		"Count": 16,
		"Timestamp": "2020-09-29T12:06:55.928Z"
	},
	{
		"Count": 17,
		"Timestamp": "2020-09-29T12:06:53.928Z"
	},
	{
		"Count": 17,
		"Timestamp": "2020-09-29T12:06:51.928Z"
	},
	{
		"Count": 16,
		"Timestamp": "2020-09-29T12:06:49.928Z"
	},
	{
		"Count": 17,
		"Timestamp": "2020-09-29T12:06:47.929Z"
	},
	{
		"Count": 17,
		"Timestamp": "2020-09-29T12:06:45.928Z"
	},
	{
		"Count": 17,
		"Timestamp": "2020-09-29T12:06:43.929Z"
	},
	{
		"Count": 16,
		"Timestamp": "2020-09-29T12:06:41.903Z"
	},
	{
		"Count": 17,
		"Timestamp": "2020-09-29T12:06:39.903Z"
	},
	{
		"Count": 17,
		"Timestamp": "2020-09-29T12:06:37.904Z"
	},
	{
		"Count": 16,
		"Timestamp": "2020-09-29T12:06:35.901Z"
	},
	{
		"Count": 17,
		"Timestamp": "2020-09-29T12:06:33.902Z"
	},
	{
		"Count": 16,
		"Timestamp": "2020-09-29T12:06:31.901Z"
	},
	{
		"Count": 17,
		"Timestamp": "2020-09-29T12:06:29.902Z"
	},
	{
		"Count": 17,
		"Timestamp": "2020-09-29T12:06:27.902Z"
	},
	{
		"Count": 17,
		"Timestamp": "2020-09-29T12:06:25.901Z"
	},
	{
		"Count": 16,
		"Timestamp": "2020-09-29T12:06:23.9Z"
	},
	{
		"Count": 17,
		"Timestamp": "2020-09-29T12:06:21.9Z"
	},
	{
		"Count": 16,
		"Timestamp": "2020-09-29T12:06:19.9Z"
	},
	{
		"Count": 17,
		"Timestamp": "2020-09-29T12:06:17.9Z"
	},
	{
		"Count": 17,
		"Timestamp": "2020-09-29T12:06:15.9Z"
	},
	{
		"Count": 16,
		"Timestamp": "2020-09-29T12:06:13.9Z"
	},
	{
		"Count": 17,
		"Timestamp": "2020-09-29T12:06:11.9Z"
	},
	{
		"Count": 17,
		"Timestamp": "2020-09-29T12:06:09.899Z"
	},
	{
		"Count": 17,
		"Timestamp": "2020-09-29T12:06:07.898Z"
	},
	{
		"Count": 16,
		"Timestamp": "2020-09-29T12:06:05.898Z"
	},
	{
		"Count": 17,
		"Timestamp": "2020-09-29T12:06:03.897Z"
	},
	{
		"Count": 16,
		"Timestamp": "2020-09-29T12:06:01.896Z"
	},
	{
		"Count": 17,
		"Timestamp": "2020-09-29T12:05:59.895Z"
	},
	{
		"Count": 17,
		"Timestamp": "2020-09-29T12:05:57.896Z"
	},
	{
		"Count": 17,
		"Timestamp": "2020-09-29T12:05:55.892Z"
	},
	{
		"Count": 16,
		"Timestamp": "2020-09-29T12:05:53.891Z"
	},
	{
		"Count": 17,
		"Timestamp": "2020-09-29T12:05:51.892Z"
	},
	{
		"Count": 17,
		"Timestamp": "2020-09-29T12:05:49.892Z"
	},
	{
		"Count": 16,
		"Timestamp": "2020-09-29T12:05:47.891Z"
	},
	{
		"Count": 17,
		"Timestamp": "2020-09-29T12:05:45.89Z"
	},
	{
		"Count": 16,
		"Timestamp": "2020-09-29T12:05:43.89Z"
	},
	{
		"Count": 17,
		"Timestamp": "2020-09-29T12:05:41.891Z"
	},
	{
		"Count": 17,
		"Timestamp": "2020-09-29T12:05:39.888Z"
	},
	{
		"Count": 17,
		"Timestamp": "2020-09-29T12:05:37.887Z"
	},
	{
		"Count": 16,
		"Timestamp": "2020-09-29T12:05:35.888Z"
	},
	{
		"Count": 17,
		"Timestamp": "2020-09-29T12:05:33.887Z"
	},
	{
		"Count": 16,
		"Timestamp": "2020-09-29T12:05:31.887Z"
	},
	{
		"Count": 17,
		"Timestamp": "2020-09-29T12:05:29.886Z"
	},
	{
		"Count": 16,
		"Timestamp": "2020-09-29T12:05:27.886Z"
	},
	{
		"Count": 14,
		"Timestamp": "2020-09-29T12:05:25.886Z"
	},
	{
		"Count": 6,
		"Timestamp": "2020-09-29T12:05:23.886Z"
	},
	{
		"Count": 10,
		"Timestamp": "2020-09-29T12:04:19.837Z"
	},
	{
		"Count": 16,
		"Timestamp": "2020-09-29T12:04:17.839Z"
	},
	{
		"Count": 17,
		"Timestamp": "2020-09-29T12:04:15.837Z"
	},
	{
		"Count": 17,
		"Timestamp": "2020-09-29T12:04:13.834Z"
	},
	{
		"Count": 16,
		"Timestamp": "2020-09-29T12:04:11.834Z"
	},
	{
		"Count": 17,
		"Timestamp": "2020-09-29T12:04:09.833Z"
	},
	{
		"Count": 17,
		"Timestamp": "2020-09-29T12:04:07.833Z"
	},
	{
		"Count": 16,
		"Timestamp": "2020-09-29T12:04:05.833Z"
	},
	{
		"Count": 17,
		"Timestamp": "2020-09-29T12:04:03.83Z"
	},
	{
		"Count": 17,
		"Timestamp": "2020-09-29T12:04:01.831Z"
	},
	{
		"Count": 16,
		"Timestamp": "2020-09-29T12:03:59.832Z"
	},
	{
		"Count": 17,
		"Timestamp": "2020-09-29T12:03:57.831Z"
	},
	{
		"Count": 17,
		"Timestamp": "2020-09-29T12:03:55.831Z"
	},
	{
		"Count": 16,
		"Timestamp": "2020-09-29T12:03:53.831Z"
	},
	{
		"Count": 17,
		"Timestamp": "2020-09-29T12:03:51.831Z"
	},
	{
		"Count": 17,
		"Timestamp": "2020-09-29T12:03:49.83Z"
	},
	{
		"Count": 16,
		"Timestamp": "2020-09-29T12:03:47.83Z"
	},
	{
		"Count": 17,
		"Timestamp": "2020-09-29T12:03:45.83Z"
	},
	{
		"Count": 17,
		"Timestamp": "2020-09-29T12:03:43.83Z"
	},
	{
		"Count": 16,
		"Timestamp": "2020-09-29T12:03:41.83Z"
	},
	{
		"Count": 17,
		"Timestamp": "2020-09-29T12:03:39.83Z"
	},
	{
		"Count": 17,
		"Timestamp": "2020-09-29T12:03:37.829Z"
	},
	{
		"Count": 16,
		"Timestamp": "2020-09-29T12:03:35.829Z"
	},
	{
		"Count": 17,
		"Timestamp": "2020-09-29T12:03:33.828Z"
	},
	{
		"Count": 17,
		"Timestamp": "2020-09-29T12:03:31.828Z"
	},
	{
		"Count": 16,
		"Timestamp": "2020-09-29T12:03:29.828Z"
	},
	{
		"Count": 17,
		"Timestamp": "2020-09-29T12:03:27.828Z"
	},
	{
		"Count": 17,
		"Timestamp": "2020-09-29T12:03:25.828Z"
	},
	{
		"Count": 16,
		"Timestamp": "2020-09-29T12:03:23.828Z"
	},
	{
		"Count": 17,
		"Timestamp": "2020-09-29T12:03:21.829Z"
	},
	{
		"Count": 17,
		"Timestamp": "2020-09-29T12:03:19.825Z"
	},
	{
		"Count": 16,
		"Timestamp": "2020-09-29T12:03:17.826Z"
	},
	{
		"Count": 17,
		"Timestamp": "2020-09-29T12:03:15.825Z"
	},
	{
		"Count": 17,
		"Timestamp": "2020-09-29T12:03:13.825Z"
	},
	{
		"Count": 16,
		"Timestamp": "2020-09-29T12:03:11.824Z"
	},
	{
		"Count": 17,
		"Timestamp": "2020-09-29T12:03:09.825Z"
	},
	{
		"Count": 17,
		"Timestamp": "2020-09-29T12:03:07.824Z"
	},
	{
		"Count": 16,
		"Timestamp": "2020-09-29T12:03:05.824Z"
	},
	{
		"Count": 17,
		"Timestamp": "2020-09-29T12:03:03.824Z"
	},
	{
		"Count": 17,
		"Timestamp": "2020-09-29T12:03:01.823Z"
	},
	{
		"Count": 16,
		"Timestamp": "2020-09-29T12:02:59.822Z"
	},
	{
		"Count": 17,
		"Timestamp": "2020-09-29T12:02:57.823Z"
	},
	{
		"Count": 17,
		"Timestamp": "2020-09-29T12:02:55.821Z"
	},
	{
		"Count": 16,
		"Timestamp": "2020-09-29T12:02:53.821Z"
	},
	{
		"Count": 17,
		"Timestamp": "2020-09-29T12:02:51.821Z"
	},
	{
		"Count": 17,
		"Timestamp": "2020-09-29T12:02:49.822Z"
	},
	{
		"Count": 16,
		"Timestamp": "2020-09-29T12:02:47.818Z"
	},
	{
		"Count": 17,
		"Timestamp": "2020-09-29T12:02:45.818Z"
	},
	{
		"Count": 17,
		"Timestamp": "2020-09-29T12:02:43.819Z"
	},
	{
		"Count": 16,
		"Timestamp": "2020-09-29T12:02:41.818Z"
	},
	{
		"Count": 17,
		"Timestamp": "2020-09-29T12:02:39.818Z"
	},
	{
		"Count": 17,
		"Timestamp": "2020-09-29T12:02:37.818Z"
	},
	{
		"Count": 16,
		"Timestamp": "2020-09-29T12:02:35.815Z"
	},
	{
		"Count": 17,
		"Timestamp": "2020-09-29T12:02:33.814Z"
	},
	{
		"Count": 17,
		"Timestamp": "2020-09-29T12:02:31.814Z"
	},
	{
		"Count": 17,
		"Timestamp": "2020-09-29T12:02:29.813Z"
	},
	{
		"Count": 16,
		"Timestamp": "2020-09-29T12:02:27.812Z"
	},
	{
		"Count": 17,
		"Timestamp": "2020-09-29T12:02:25.812Z"
	},
	{
		"Count": 17,
		"Timestamp": "2020-09-29T12:02:23.811Z"
	},
	{
		"Count": 16,
		"Timestamp": "2020-09-29T12:02:21.812Z"
	},
	{
		"Count": 17,
		"Timestamp": "2020-09-29T12:02:19.811Z"
	},
	{
		"Count": 16,
		"Timestamp": "2020-09-29T12:02:17.811Z"
	},
	{
		"Count": 17,
		"Timestamp": "2020-09-29T12:02:15.809Z"
	},
	{
		"Count": 17,
		"Timestamp": "2020-09-29T12:02:13.81Z"
	},
	{
		"Count": 17,
		"Timestamp": "2020-09-29T12:02:11.809Z"
	},
	{
		"Count": 16,
		"Timestamp": "2020-09-29T12:02:09.809Z"
	},
	{
		"Count": 17,
		"Timestamp": "2020-09-29T12:02:07.808Z"
	},
	{
		"Count": 17,
		"Timestamp": "2020-09-29T12:02:05.808Z"
	},
	{
		"Count": 16,
		"Timestamp": "2020-09-29T12:02:03.805Z"
	},
	{
		"Count": 17,
		"Timestamp": "2020-09-29T12:02:01.806Z"
	},
	{
		"Count": 17,
		"Timestamp": "2020-09-29T12:01:59.805Z"
	},
	{
		"Count": 16,
		"Timestamp": "2020-09-29T12:01:57.804Z"
	},
	{
		"Count": 17,
		"Timestamp": "2020-09-29T12:01:55.804Z"
	},
	{
		"Count": 16,
		"Timestamp": "2020-09-29T12:01:53.802Z"
	},
	{
		"Count": 17,
		"Timestamp": "2020-09-29T12:01:51.803Z"
	},
	{
		"Count": 17,
		"Timestamp": "2020-09-29T12:01:49.802Z"
	},
	{
		"Count": 17,
		"Timestamp": "2020-09-29T12:01:47.8Z"
	},
	{
		"Count": 16,
		"Timestamp": "2020-09-29T12:01:45.799Z"
	},
	{
		"Count": 17,
		"Timestamp": "2020-09-29T12:01:43.8Z"
	},
	{
		"Count": 17,
		"Timestamp": "2020-09-29T12:01:41.8Z"
	},
	{
		"Count": 16,
		"Timestamp": "2020-09-29T12:01:39.799Z"
	},
	{
		"Count": 17,
		"Timestamp": "2020-09-29T12:01:37.793Z"
	},
	{
		"Count": 17,
		"Timestamp": "2020-09-29T12:01:35.792Z"
	},
	{
		"Count": 16,
		"Timestamp": "2020-09-29T12:01:33.792Z"
	},
	{
		"Count": 17,
		"Timestamp": "2020-09-29T12:01:31.792Z"
	},
	{
		"Count": 16,
		"Timestamp": "2020-09-29T12:01:29.791Z"
	},
	{
		"Count": 17,
		"Timestamp": "2020-09-29T12:01:27.791Z"
	},
	{
		"Count": 17,
		"Timestamp": "2020-09-29T12:01:25.79Z"
	},
	{
		"Count": 17,
		"Timestamp": "2020-09-29T12:01:23.79Z"
	},
	{
		"Count": 16,
		"Timestamp": "2020-09-29T12:01:21.79Z"
	},
	{
		"Count": 17,
		"Timestamp": "2020-09-29T12:01:19.789Z"
	},
	{
		"Count": 16,
		"Timestamp": "2020-09-29T12:01:17.789Z"
	},
	{
		"Count": 17,
		"Timestamp": "2020-09-29T12:01:15.789Z"
	},
	{
		"Count": 17,
		"Timestamp": "2020-09-29T12:01:13.788Z"
	},
	{
		"Count": 17,
		"Timestamp": "2020-09-29T12:01:11.789Z"
	},
	{
		"Count": 16,
		"Timestamp": "2020-09-29T12:01:09.789Z"
	},
	{
		"Count": 17,
		"Timestamp": "2020-09-29T12:01:07.787Z"
	},
	{
		"Count": 16,
		"Timestamp": "2020-09-29T12:01:05.788Z"
	},
	{
		"Count": 17,
		"Timestamp": "2020-09-29T12:01:03.787Z"
	},
	{
		"Count": 17,
		"Timestamp": "2020-09-29T12:01:01.787Z"
	},
	{
		"Count": 17,
		"Timestamp": "2020-09-29T12:00:59.788Z"
	},
	{
		"Count": 16,
		"Timestamp": "2020-09-29T12:00:57.782Z"
	},
	{
		"Count": 17,
		"Timestamp": "2020-09-29T12:00:55.783Z"
	},
	{
		"Count": 16,
		"Timestamp": "2020-09-29T12:00:53.783Z"
	},
	{
		"Count": 17,
		"Timestamp": "2020-09-29T12:00:51.783Z"
	},
	{
		"Count": 17,
		"Timestamp": "2020-09-29T12:00:49.781Z"
	},
	{
		"Count": 16,
		"Timestamp": "2020-09-29T12:00:47.78Z"
	},
	{
		"Count": 17,
		"Timestamp": "2020-09-29T12:00:45.78Z"
	},
	{
		"Count": 17,
		"Timestamp": "2020-09-29T12:00:43.781Z"
	},
	{
		"Count": 16,
		"Timestamp": "2020-09-29T12:00:41.781Z"
	},
	{
		"Count": 17,
		"Timestamp": "2020-09-29T12:00:39.78Z"
	},
	{
		"Count": 17,
		"Timestamp": "2020-09-29T12:00:37.78Z"
	},
	{
		"Count": 17,
		"Timestamp": "2020-09-29T12:00:35.779Z"
	},
	{
		"Count": 16,
		"Timestamp": "2020-09-29T12:00:33.779Z"
	},
	{
		"Count": 17,
		"Timestamp": "2020-09-29T12:00:31.779Z"
	},
	{
		"Count": 16,
		"Timestamp": "2020-09-29T12:00:29.778Z"
	},
	{
		"Count": 17,
		"Timestamp": "2020-09-29T12:00:27.779Z"
	},
	{
		"Count": 17,
		"Timestamp": "2020-09-29T12:00:25.779Z"
	},
	{
		"Count": 16,
		"Timestamp": "2020-09-29T12:00:23.778Z"
	},
	{
		"Count": 17,
		"Timestamp": "2020-09-29T12:00:21.778Z"
	},
	{
		"Count": 17,
		"Timestamp": "2020-09-29T12:00:19.777Z"
	},
	{
		"Count": 16,
		"Timestamp": "2020-09-29T12:00:17.777Z"
	},
	{
		"Count": 17,
		"Timestamp": "2020-09-29T12:00:15.778Z"
	},
	{
		"Count": 17,
		"Timestamp": "2020-09-29T12:00:13.778Z"
	},
	{
		"Count": 17,
		"Timestamp": "2020-09-29T12:00:11.778Z"
	},
	{
		"Count": 16,
		"Timestamp": "2020-09-29T12:00:09.774Z"
	},
	{
		"Count": 17,
		"Timestamp": "2020-09-29T12:00:07.775Z"
	},
	{
		"Count": 16,
		"Timestamp": "2020-09-29T12:00:05.774Z"
	},
	{
		"Count": 17,
		"Timestamp": "2020-09-29T12:00:03.774Z"
	},
	{
		"Count": 17,
		"Timestamp": "2020-09-29T12:00:01.774Z"
	},
	{
		"Count": 16,
		"Timestamp": "2020-09-29T11:59:59.773Z"
	},
	{
		"Count": 17,
		"Timestamp": "2020-09-29T11:59:57.774Z"
	},
	{
		"Count": 17,
		"Timestamp": "2020-09-29T11:59:55.769Z"
	},
	{
		"Count": 17,
		"Timestamp": "2020-09-29T11:59:53.77Z"
	},
	{
		"Count": 16,
		"Timestamp": "2020-09-29T11:59:51.769Z"
	},
	{
		"Count": 17,
		"Timestamp": "2020-09-29T11:59:49.769Z"
	},
	{
		"Count": 16,
		"Timestamp": "2020-09-29T11:59:47.769Z"
	},
	{
		"Count": 17,
		"Timestamp": "2020-09-29T11:59:45.767Z"
	},
	{
		"Count": 17,
		"Timestamp": "2020-09-29T11:59:43.768Z"
	},
	{
		"Count": 16,
		"Timestamp": "2020-09-29T11:59:41.765Z"
	},
	{
		"Count": 17,
		"Timestamp": "2020-09-29T11:59:39.764Z"
	},
	{
		"Count": 17,
		"Timestamp": "2020-09-29T11:59:37.764Z"
	},
	{
		"Count": 16,
		"Timestamp": "2020-09-29T11:59:35.764Z"
	},
	{
		"Count": 17,
		"Timestamp": "2020-09-29T11:59:33.763Z"
	},
	{
		"Count": 17,
		"Timestamp": "2020-09-29T11:59:31.762Z"
	},
	{
		"Count": 16,
		"Timestamp": "2020-09-29T11:59:29.762Z"
	},
	{
		"Count": 17,
		"Timestamp": "2020-09-29T11:59:27.762Z"
	},
	{
		"Count": 17,
		"Timestamp": "2020-09-29T11:59:25.763Z"
	},
	{
		"Count": 16,
		"Timestamp": "2020-09-29T11:59:23.762Z"
	},
	{
		"Count": 17,
		"Timestamp": "2020-09-29T11:59:21.761Z"
	},
	{
		"Count": 17,
		"Timestamp": "2020-09-29T11:59:19.761Z"
	},
	{
		"Count": 16,
		"Timestamp": "2020-09-29T11:59:17.76Z"
	},
	{
		"Count": 17,
		"Timestamp": "2020-09-29T11:59:15.76Z"
	},
	{
		"Count": 17,
		"Timestamp": "2020-09-29T11:59:13.76Z"
	},
	{
		"Count": 16,
		"Timestamp": "2020-09-29T11:59:11.761Z"
	},
	{
		"Count": 17,
		"Timestamp": "2020-09-29T11:59:09.76Z"
	},
	{
		"Count": 17,
		"Timestamp": "2020-09-29T11:59:07.76Z"
	},
	{
		"Count": 16,
		"Timestamp": "2020-09-29T11:59:05.757Z"
	},
	{
		"Count": 17,
		"Timestamp": "2020-09-29T11:59:03.757Z"
	},
	{
		"Count": 17,
		"Timestamp": "2020-09-29T11:59:01.753Z"
	},
	{
		"Count": 16,
		"Timestamp": "2020-09-29T11:58:59.753Z"
	},
	{
		"Count": 17,
		"Timestamp": "2020-09-29T11:58:57.753Z"
	},
	{
		"Count": 17,
		"Timestamp": "2020-09-29T11:58:55.752Z"
	},
	{
		"Count": 16,
		"Timestamp": "2020-09-29T11:58:53.751Z"
	},
	{
		"Count": 17,
		"Timestamp": "2020-09-29T11:58:51.75Z"
	},
	{
		"Count": 17,
		"Timestamp": "2020-09-29T11:58:49.751Z"
	},
	{
		"Count": 16,
		"Timestamp": "2020-09-29T11:58:47.749Z"
	},
	{
		"Count": 17,
		"Timestamp": "2020-09-29T11:58:45.749Z"
	},
	{
		"Count": 17,
		"Timestamp": "2020-09-29T11:58:43.749Z"
	},
	{
		"Count": 16,
		"Timestamp": "2020-09-29T11:58:41.749Z"
	},
	{
		"Count": 17,
		"Timestamp": "2020-09-29T11:58:39.748Z"
	},
	{
		"Count": 17,
		"Timestamp": "2020-09-29T11:58:37.749Z"
	},
	{
		"Count": 16,
		"Timestamp": "2020-09-29T11:58:35.748Z"
	},
	{
		"Count": 17,
		"Timestamp": "2020-09-29T11:58:33.748Z"
	},
	{
		"Count": 17,
		"Timestamp": "2020-09-29T11:58:31.749Z"
	},
	{
		"Count": 16,
		"Timestamp": "2020-09-29T11:58:29.748Z"
	},
	{
		"Count": 17,
		"Timestamp": "2020-09-29T11:58:27.748Z"
	},
	{
		"Count": 17,
		"Timestamp": "2020-09-29T11:58:25.748Z"
	},
	{
		"Count": 16,
		"Timestamp": "2020-09-29T11:58:23.747Z"
	},
	{
		"Count": 17,
		"Timestamp": "2020-09-29T11:58:21.748Z"
	},
	{
		"Count": 17,
		"Timestamp": "2020-09-29T11:58:19.747Z"
	},
	{
		"Count": 16,
		"Timestamp": "2020-09-29T11:58:17.748Z"
	},
	{
		"Count": 17,
		"Timestamp": "2020-09-29T11:58:15.748Z"
	},
	{
		"Count": 17,
		"Timestamp": "2020-09-29T11:58:13.747Z"
	},
	{
		"Count": 16,
		"Timestamp": "2020-09-29T11:58:11.746Z"
	},
	{
		"Count": 17,
		"Timestamp": "2020-09-29T11:58:09.746Z"
	},
	{
		"Count": 17,
		"Timestamp": "2020-09-29T11:58:07.746Z"
	},
	{
		"Count": 16,
		"Timestamp": "2020-09-29T11:58:05.745Z"
	},
	{
		"Count": 17,
		"Timestamp": "2020-09-29T11:58:03.746Z"
	},
	{
		"Count": 17,
		"Timestamp": "2020-09-29T11:58:01.746Z"
	},
	{
		"Count": 16,
		"Timestamp": "2020-09-29T11:57:59.745Z"
	},
	{
		"Count": 17,
		"Timestamp": "2020-09-29T11:57:57.746Z"
	},
	{
		"Count": 17,
		"Timestamp": "2020-09-29T11:57:55.745Z"
	},
	{
		"Count": 16,
		"Timestamp": "2020-09-29T11:57:53.744Z"
	},
	{
		"Count": 17,
		"Timestamp": "2020-09-29T11:57:51.744Z"
	},
	{
		"Count": 17,
		"Timestamp": "2020-09-29T11:57:49.742Z"
	},
	{
		"Count": 16,
		"Timestamp": "2020-09-29T11:57:47.742Z"
	},
	{
		"Count": 17,
		"Timestamp": "2020-09-29T11:57:45.739Z"
	},
	{
		"Count": 17,
		"Timestamp": "2020-09-29T11:57:43.739Z"
	},
	{
		"Count": 16,
		"Timestamp": "2020-09-29T11:57:41.737Z"
	},
	{
		"Count": 17,
		"Timestamp": "2020-09-29T11:57:39.736Z"
	},
	{
		"Count": 17,
		"Timestamp": "2020-09-29T11:57:37.736Z"
	},
	{
		"Count": 16,
		"Timestamp": "2020-09-29T11:57:35.735Z"
	},
	{
		"Count": 17,
		"Timestamp": "2020-09-29T11:57:33.735Z"
	},
	{
		"Count": 17,
		"Timestamp": "2020-09-29T11:57:31.736Z"
	},
	{
		"Count": 16,
		"Timestamp": "2020-09-29T11:57:29.736Z"
	},
	{
		"Count": 17,
		"Timestamp": "2020-09-29T11:57:27.736Z"
	},
	{
		"Count": 17,
		"Timestamp": "2020-09-29T11:57:25.735Z"
	},
	{
		"Count": 16,
		"Timestamp": "2020-09-29T11:57:23.734Z"
	},
	{
		"Count": 17,
		"Timestamp": "2020-09-29T11:57:21.733Z"
	},
	{
		"Count": 17,
		"Timestamp": "2020-09-29T11:57:19.733Z"
	},
	{
		"Count": 16,
		"Timestamp": "2020-09-29T11:57:17.732Z"
	},
	{
		"Count": 17,
		"Timestamp": "2020-09-29T11:57:15.733Z"
	},
	{
		"Count": 17,
		"Timestamp": "2020-09-29T11:57:13.728Z"
	},
	{
		"Count": 16,
		"Timestamp": "2020-09-29T11:57:11.728Z"
	},
	{
		"Count": 17,
		"Timestamp": "2020-09-29T11:57:09.727Z"
	},
	{
		"Count": 17,
		"Timestamp": "2020-09-29T11:57:07.728Z"
	},
	{
		"Count": 16,
		"Timestamp": "2020-09-29T11:57:05.725Z"
	},
	{
		"Count": 17,
		"Timestamp": "2020-09-29T11:57:03.724Z"
	},
	{
		"Count": 17,
		"Timestamp": "2020-09-29T11:57:01.724Z"
	},
	{
		"Count": 16,
		"Timestamp": "2020-09-29T11:56:59.723Z"
	},
	{
		"Count": 17,
		"Timestamp": "2020-09-29T11:56:57.723Z"
	},
	{
		"Count": 17,
		"Timestamp": "2020-09-29T11:56:55.723Z"
	},
	{
		"Count": 16,
		"Timestamp": "2020-09-29T11:56:53.723Z"
	},
	{
		"Count": 17,
		"Timestamp": "2020-09-29T11:56:51.725Z"
	},
	{
		"Count": 17,
		"Timestamp": "2020-09-29T11:56:49.724Z"
	},
	{
		"Count": 16,
		"Timestamp": "2020-09-29T11:56:47.724Z"
	},
	{
		"Count": 17,
		"Timestamp": "2020-09-29T11:56:45.719Z"
	},
	{
		"Count": 17,
		"Timestamp": "2020-09-29T11:56:43.72Z"
	},
	{
		"Count": 16,
		"Timestamp": "2020-09-29T11:56:41.719Z"
	},
	{
		"Count": 17,
		"Timestamp": "2020-09-29T11:56:39.719Z"
	},
	{
		"Count": 17,
		"Timestamp": "2020-09-29T11:56:37.719Z"
	},
	{
		"Count": 16,
		"Timestamp": "2020-09-29T11:56:35.718Z"
	},
	{
		"Count": 17,
		"Timestamp": "2020-09-29T11:56:33.718Z"
	},
	{
		"Count": 17,
		"Timestamp": "2020-09-29T11:56:31.717Z"
	},
	{
		"Count": 16,
		"Timestamp": "2020-09-29T11:56:29.717Z"
	},
	{
		"Count": 17,
		"Timestamp": "2020-09-29T11:56:27.717Z"
	},
	{
		"Count": 17,
		"Timestamp": "2020-09-29T11:56:25.717Z"
	},
	{
		"Count": 16,
		"Timestamp": "2020-09-29T11:56:23.717Z"
	},
	{
		"Count": 17,
		"Timestamp": "2020-09-29T11:56:21.717Z"
	},
	{
		"Count": 16,
		"Timestamp": "2020-09-29T11:56:19.716Z"
	},
	{
		"Count": 17,
		"Timestamp": "2020-09-29T11:56:17.716Z"
	},
	{
		"Count": 17,
		"Timestamp": "2020-09-29T11:56:15.713Z"
	},
	{
		"Count": 17,
		"Timestamp": "2020-09-29T11:56:13.712Z"
	},
	{
		"Count": 16,
		"Timestamp": "2020-09-29T11:56:11.712Z"
	},
	{
		"Count": 17,
		"Timestamp": "2020-09-29T11:56:09.71Z"
	},
	{
		"Count": 17,
		"Timestamp": "2020-09-29T11:56:07.711Z"
	},
	{
		"Count": 16,
		"Timestamp": "2020-09-29T11:56:05.708Z"
	},
	{
		"Count": 17,
		"Timestamp": "2020-09-29T11:56:03.707Z"
	},
	{
		"Count": 17,
		"Timestamp": "2020-09-29T11:56:01.707Z"
	},
	{
		"Count": 16,
		"Timestamp": "2020-09-29T11:55:59.707Z"
	},
	{
		"Count": 17,
		"Timestamp": "2020-09-29T11:55:57.708Z"
	},
	{
		"Count": 17,
		"Timestamp": "2020-09-29T11:55:55.707Z"
	},
	{
		"Count": 16,
		"Timestamp": "2020-09-29T11:55:53.706Z"
	},
	{
		"Count": 17,
		"Timestamp": "2020-09-29T11:55:51.706Z"
	},
	{
		"Count": 17,
		"Timestamp": "2020-09-29T11:55:49.705Z"
	},
	{
		"Count": 17,
		"Timestamp": "2020-09-29T11:55:47.704Z"
	},
	{
		"Count": 16,
		"Timestamp": "2020-09-29T11:55:45.706Z"
	},
	{
		"Count": 17,
		"Timestamp": "2020-09-29T11:55:43.694Z"
	},
	{
		"Count": 16,
		"Timestamp": "2020-09-29T11:55:41.691Z"
	},
	{
		"Count": 17,
		"Timestamp": "2020-09-29T11:55:39.691Z"
	},
	{
		"Count": 17,
		"Timestamp": "2020-09-29T11:55:37.69Z"
	},
	{
		"Count": 16,
		"Timestamp": "2020-09-29T11:55:35.69Z"
	},
	{
		"Count": 17,
		"Timestamp": "2020-09-29T11:55:33.687Z"
	},
	{
		"Count": 17,
		"Timestamp": "2020-09-29T11:55:31.686Z"
	},
	{
		"Count": 16,
		"Timestamp": "2020-09-29T11:55:29.685Z"
	},
	{
		"Count": 17,
		"Timestamp": "2020-09-29T11:55:27.685Z"
	},
	{
		"Count": 17,
		"Timestamp": "2020-09-29T11:55:25.683Z"
	},
	{
		"Count": 16,
		"Timestamp": "2020-09-29T11:55:23.683Z"
	},
	{
		"Count": 17,
		"Timestamp": "2020-09-29T11:55:21.681Z"
	},
	{
		"Count": 17,
		"Timestamp": "2020-09-29T11:55:19.68Z"
	},
	{
		"Count": 16,
		"Timestamp": "2020-09-29T11:55:17.681Z"
	},
	{
		"Count": 17,
		"Timestamp": "2020-09-29T11:55:15.68Z"
	},
	{
		"Count": 17,
		"Timestamp": "2020-09-29T11:55:13.68Z"
	},
	{
		"Count": 16,
		"Timestamp": "2020-09-29T11:55:11.681Z"
	},
	{
		"Count": 17,
		"Timestamp": "2020-09-29T11:55:09.68Z"
	},
	{
		"Count": 17,
		"Timestamp": "2020-09-29T11:55:07.68Z"
	},
	{
		"Count": 16,
		"Timestamp": "2020-09-29T11:55:05.678Z"
	},
	{
		"Count": 17,
		"Timestamp": "2020-09-29T11:55:03.678Z"
	},
	{
		"Count": 17,
		"Timestamp": "2020-09-29T11:55:01.678Z"
	},
	{
		"Count": 17,
		"Timestamp": "2020-09-29T11:54:59.677Z"
	},
	{
		"Count": 16,
		"Timestamp": "2020-09-29T11:54:57.677Z"
	},
	{
		"Count": 17,
		"Timestamp": "2020-09-29T11:54:55.676Z"
	},
	{
		"Count": 17,
		"Timestamp": "2020-09-29T11:54:53.675Z"
	},
	{
		"Count": 16,
		"Timestamp": "2020-09-29T11:54:51.677Z"
	},
	{
		"Count": 17,
		"Timestamp": "2020-09-29T11:54:49.669Z"
	},
	{
		"Count": 16,
		"Timestamp": "2020-09-29T11:54:47.668Z"
	},
	{
		"Count": 17,
		"Timestamp": "2020-09-29T11:54:45.669Z"
	},
	{
		"Count": 17,
		"Timestamp": "2020-09-29T11:54:43.669Z"
	},
	{
		"Count": 16,
		"Timestamp": "2020-09-29T11:54:41.668Z"
	},
	{
		"Count": 17,
		"Timestamp": "2020-09-29T11:54:39.667Z"
	},
	{
		"Count": 17,
		"Timestamp": "2020-09-29T11:54:37.668Z"
	},
	{
		"Count": 16,
		"Timestamp": "2020-09-29T11:54:35.668Z"
	},
	{
		"Count": 17,
		"Timestamp": "2020-09-29T11:54:33.668Z"
	},
	{
		"Count": 17,
		"Timestamp": "2020-09-29T11:54:31.667Z"
	},
	{
		"Count": 16,
		"Timestamp": "2020-09-29T11:54:29.667Z"
	},
	{
		"Count": 17,
		"Timestamp": "2020-09-29T11:54:27.667Z"
	},
	{
		"Count": 17,
		"Timestamp": "2020-09-29T11:54:25.669Z"
	},
	{
		"Count": 16,
		"Timestamp": "2020-09-29T11:54:23.665Z"
	},
	{
		"Count": 17,
		"Timestamp": "2020-09-29T11:54:21.664Z"
	},
	{
		"Count": 17,
		"Timestamp": "2020-09-29T11:54:19.662Z"
	},
	{
		"Count": 16,
		"Timestamp": "2020-09-29T11:54:17.662Z"
	},
	{
		"Count": 17,
		"Timestamp": "2020-09-29T11:54:15.662Z"
	},
	{
		"Count": 17,
		"Timestamp": "2020-09-29T11:54:13.662Z"
	},
	{
		"Count": 16,
		"Timestamp": "2020-09-29T11:54:11.662Z"
	},
	{
		"Count": 17,
		"Timestamp": "2020-09-29T11:54:09.661Z"
	},
	{
		"Count": 17,
		"Timestamp": "2020-09-29T11:54:07.662Z"
	},
	{
		"Count": 17,
		"Timestamp": "2020-09-29T11:54:05.662Z"
	},
	{
		"Count": 16,
		"Timestamp": "2020-09-29T11:54:03.662Z"
	},
	{
		"Count": 17,
		"Timestamp": "2020-09-29T11:54:01.661Z"
	},
	{
		"Count": 16,
		"Timestamp": "2020-09-29T11:53:59.662Z"
	},
	{
		"Count": 17,
		"Timestamp": "2020-09-29T11:53:57.659Z"
	},
	{
		"Count": 17,
		"Timestamp": "2020-09-29T11:53:55.66Z"
	},
	{
		"Count": 16,
		"Timestamp": "2020-09-29T11:53:53.656Z"
	},
	{
		"Count": 17,
		"Timestamp": "2020-09-29T11:53:51.658Z"
	},
	{
		"Count": 17,
		"Timestamp": "2020-09-29T11:53:49.657Z"
	},
	{
		"Count": 16,
		"Timestamp": "2020-09-29T11:53:47.656Z"
	},
	{
		"Count": 17,
		"Timestamp": "2020-09-29T11:53:45.657Z"
	},
	{
		"Count": 17,
		"Timestamp": "2020-09-29T11:53:43.655Z"
	},
	{
		"Count": 16,
		"Timestamp": "2020-09-29T11:53:41.655Z"
	},
	{
		"Count": 16,
		"Timestamp": "2020-09-29T11:53:39.653Z"
	},
	{
		"Count": 17,
		"Timestamp": "2020-09-29T11:53:37.653Z"
	},
	{
		"Count": 16,
		"Timestamp": "2020-09-29T11:53:35.653Z"
	},
	{
		"Count": 17,
		"Timestamp": "2020-09-29T11:53:33.654Z"
	},
	{
		"Count": 17,
		"Timestamp": "2020-09-29T11:53:31.653Z"
	},
	{
		"Count": 16,
		"Timestamp": "2020-09-29T11:53:29.652Z"
	},
	{
		"Count": 17,
		"Timestamp": "2020-09-29T11:53:27.651Z"
	},
	{
		"Count": 17,
		"Timestamp": "2020-09-29T11:53:25.651Z"
	},
	{
		"Count": 16,
		"Timestamp": "2020-09-29T11:53:23.651Z"
	},
	{
		"Count": 17,
		"Timestamp": "2020-09-29T11:53:21.651Z"
	},
	{
		"Count": 17,
		"Timestamp": "2020-09-29T11:53:19.652Z"
	},
	{
		"Count": 16,
		"Timestamp": "2020-09-29T11:53:17.652Z"
	},
	{
		"Count": 17,
		"Timestamp": "2020-09-29T11:53:15.651Z"
	},
	{
		"Count": 16,
		"Timestamp": "2020-09-29T11:53:13.652Z"
	},
	{
		"Count": 16,
		"Timestamp": "2020-09-29T11:53:11.651Z"
	},
	{
		"Count": 17,
		"Timestamp": "2020-09-29T11:53:09.65Z"
	},
	{
		"Count": 17,
		"Timestamp": "2020-09-29T11:53:07.65Z"
	},
	{
		"Count": 16,
		"Timestamp": "2020-09-29T11:53:05.651Z"
	},
	{
		"Count": 17,
		"Timestamp": "2020-09-29T11:53:03.65Z"
	},
	{
		"Count": 17,
		"Timestamp": "2020-09-29T11:53:01.649Z"
	},
	{
		"Count": 16,
		"Timestamp": "2020-09-29T11:52:59.651Z"
	},
	{
		"Count": 17,
		"Timestamp": "2020-09-29T11:52:57.649Z"
	},
	{
		"Count": 17,
		"Timestamp": "2020-09-29T11:52:55.648Z"
	},
	{
		"Count": 16,
		"Timestamp": "2020-09-29T11:52:53.649Z"
	},
	{
		"Count": 17,
		"Timestamp": "2020-09-29T11:52:51.647Z"
	},
	{
		"Count": 17,
		"Timestamp": "2020-09-29T11:52:49.647Z"
	},
	{
		"Count": 16,
		"Timestamp": "2020-09-29T11:52:47.645Z"
	},
	{
		"Count": 17,
		"Timestamp": "2020-09-29T11:52:45.644Z"
	},
	{
		"Count": 17,
		"Timestamp": "2020-09-29T11:52:43.644Z"
	},
	{
		"Count": 16,
		"Timestamp": "2020-09-29T11:52:41.643Z"
	},
	{
		"Count": 17,
		"Timestamp": "2020-09-29T11:52:39.644Z"
	},
	{
		"Count": 17,
		"Timestamp": "2020-09-29T11:52:37.643Z"
	},
	{
		"Count": 16,
		"Timestamp": "2020-09-29T11:52:35.642Z"
	},
	{
		"Count": 17,
		"Timestamp": "2020-09-29T11:52:33.642Z"
	},
	{
		"Count": 17,
		"Timestamp": "2020-09-29T11:52:31.642Z"
	},
	{
		"Count": 16,
		"Timestamp": "2020-09-29T11:52:29.641Z"
	},
	{
		"Count": 17,
		"Timestamp": "2020-09-29T11:52:27.64Z"
	},
	{
		"Count": 17,
		"Timestamp": "2020-09-29T11:52:25.639Z"
	},
	{
		"Count": 16,
		"Timestamp": "2020-09-29T11:52:23.64Z"
	},
	{
		"Count": 17,
		"Timestamp": "2020-09-29T11:52:21.639Z"
	},
	{
		"Count": 17,
		"Timestamp": "2020-09-29T11:52:19.639Z"
	},
	{
		"Count": 16,
		"Timestamp": "2020-09-29T11:52:17.638Z"
	},
	{
		"Count": 16,
		"Timestamp": "2020-09-29T11:52:15.638Z"
	},
	{
		"Count": 17,
		"Timestamp": "2020-09-29T11:52:13.637Z"
	},
	{
		"Count": 16,
		"Timestamp": "2020-09-29T11:52:11.637Z"
	},
	{
		"Count": 17,
		"Timestamp": "2020-09-29T11:52:09.638Z"
	},
	{
		"Count": 17,
		"Timestamp": "2020-09-29T11:52:07.637Z"
	},
	{
		"Count": 16,
		"Timestamp": "2020-09-29T11:52:05.638Z"
	},
	{
		"Count": 17,
		"Timestamp": "2020-09-29T11:52:03.638Z"
	},
	{
		"Count": 17,
		"Timestamp": "2020-09-29T11:52:01.637Z"
	},
	{
		"Count": 16,
		"Timestamp": "2020-09-29T11:51:59.638Z"
	},
	{
		"Count": 17,
		"Timestamp": "2020-09-29T11:51:57.637Z"
	},
	{
		"Count": 17,
		"Timestamp": "2020-09-29T11:51:55.637Z"
	},
	{
		"Count": 16,
		"Timestamp": "2020-09-29T11:51:53.636Z"
	},
	{
		"Count": 17,
		"Timestamp": "2020-09-29T11:51:51.637Z"
	},
	{
		"Count": 17,
		"Timestamp": "2020-09-29T11:51:49.637Z"
	},
	{
		"Count": 16,
		"Timestamp": "2020-09-29T11:51:47.637Z"
	}
]