[
	{
		"State": 0,
		"Timestamp": "2020-09-29T11:51:47.11Z"
	},
	{
		"State": 1,
		"Timestamp": "2020-09-29T12:04:30.828Z"
	},
	{
		"State": 0,
		"Timestamp": "2020-09-29T12:05:24.206Z"
	}
]