[
	{
		"State": 0,
		"Timestamp": "2020-09-29T09:15:11.191Z"
	},
	{
		"State": 1,
		"Timestamp": "2020-09-29T09:56:48.025Z"
	},
	{
		"State": 0,
		"Timestamp": "2020-09-29T10:07:46.484Z"
	},
	{
		"State": 1,
		"Timestamp": "2020-09-29T10:20:14.534Z"
	},
	{
		"State": 0,
		"Timestamp": "2020-09-29T10:23:42.905Z"
	},
	{
		"State": 1,
		"Timestamp": "2020-09-29T10:35:52.793Z"
	},
	{
		"State": 0,
		"Timestamp": "2020-09-29T10:42:23.419Z"
	},
	{
		"State": 1,
		"Timestamp": "2020-09-29T10:45:38.728Z"
	},
	{
		"State": 0,
		"Timestamp": "2020-09-29T10:46:59.265Z"
	},
	{
		"State": 1,
		"Timestamp": "2020-09-29T11:06:03.903Z"
	},
	{
		"State": 0,
		"Timestamp": "2020-09-29T11:08:27.88Z"
	},
	{
		"State": 1,
		"Timestamp": "2020-09-29T11:19:02.121Z"
	},
	{
		"State": 0,
		"Timestamp": "2020-09-29T11:19:03.133Z"
	},
	{
		"State": 1,
		"Timestamp": "2020-09-29T11:33:51.721Z"
	},
	{
		"State": 0,
		"Timestamp": "2020-09-29T11:35:51.526Z"
	},
	{
		"State": 1,
		"Timestamp": "2020-09-29T11:42:30.207Z"
	},
	{
		"State": 0,
		"Timestamp": "2020-09-29T11:50:52.477Z"
	},
	{
		"State": 1,
		"Timestamp": "2020-09-29T12:04:30.828Z"
	},
	{
		"State": 0,
		"Timestamp": "2020-09-29T12:05:24.206Z"
	},
	{
		"State": 1,
		"Timestamp": "2020-09-29T12:16:10.569Z"
	},
	{
		"State": 0,
		"Timestamp": "2020-09-29T12:22:02.902Z"
	},
	{
		"State": 1,
		"Timestamp": "2020-09-29T12:38:21.476Z"
	},
	{
		"State": 0,
		"Timestamp": "2020-09-29T12:39:41.025Z"
	},
	{
		"State": 1,
		"Timestamp": "2020-09-29T12:49:49.121Z"
	},
	{
		"State": 0,
		"Timestamp": "2020-09-29T12:50:25.367Z"
	},
	{
		"State": 1,
		"Timestamp": "2020-09-29T13:37:22.361Z"
	},
	{
		"State": 0,
		"Timestamp": "2020-09-29T13:39:44.313Z"
	},
	{
		"State": 1,
		"Timestamp": "2020-09-29T14:08:35.948Z"
	},
	{
		"State": 0,
		"Timestamp": "2020-09-29T14:10:32.76Z"
	},
	{
		"State": 1,
		"Timestamp": "2020-09-29T14:16:06.95Z"
	},
	{
		"State": 0,
		"Timestamp": "2020-09-29T14:19:10.169Z"
	},
	{
		"State": 1,
		"Timestamp": "2020-09-29T14:36:35.166Z"
	},
	{
		"State": 0,
		"Timestamp": "2020-09-29T14:43:43.124Z"
	}
]