[
	{
		"State": 0,
		"Timestamp": "2020-09-27T22:46:32.33Z"
	},
	{
		"State": 1,
		"Timestamp": "2020-09-27T22:52:02.111Z"
	},
	{
		"State": 0,
		"Timestamp": "2020-09-27T23:03:55.899Z"
	},
	{
		"State": 1,
		"Timestamp": "2020-09-27T23:08:03.607Z"
	},
	{
		"State": 0,
		"Timestamp": "2020-09-27T23:09:28.172Z"
	},
	{
		"State": 1,
		"Timestamp": "2020-09-27T23:11:11.859Z"
	},
	{
		"State": 0,
		"Timestamp": "2020-09-27T23:13:19.713Z"
	},
	{
		"State": 1,
		"Timestamp": "2020-09-27T23:14:58.384Z"
	},
	{
		"State": 0,
		"Timestamp": "2020-09-27T23:15:59.797Z"
	},
	{
		"State": 1,
		"Timestamp": "2020-09-27T23:22:34.46Z"
	},
	{
		"State": 0,
		"Timestamp": "2020-09-27T23:23:02.656Z"
	},
	{
		"State": 1,
		"Timestamp": "2020-09-27T23:24:40.315Z"
	},
	{
		"State": 0,
		"Timestamp": "2020-09-27T23:31:10.953Z"
	},
	{
		"State": 1,
		"Timestamp": "2020-09-27T23:36:26.04Z"
	},
	{
		"State": 0,
		"Timestamp": "2020-09-27T23:38:06.718Z"
	},
	{
		"State": 1,
		"Timestamp": "2020-09-27T23:51:18.999Z"
	},
	{
		"State": 0,
		"Timestamp": "2020-09-27T23:52:34.51Z"
	},
	{
		"State": 1,
		"Timestamp": "2020-09-27T23:58:16.784Z"
	},
	{
		"State": 9,
		"Timestamp": "2020-09-28T00:00:00Z"
	}
]