[
	{
		"State": 9,
		"Timestamp": "2020-09-27T12:36:36.877Z"
	},
	{
		"State": 0,
		"Timestamp": "2020-09-27T18:33:41.249Z"
	},
	{
		"State": 1,
		"Timestamp": "2020-09-27T20:06:19.609Z"
	},
	{
		"State": 0,
		"Timestamp": "2020-09-27T20:10:49.421Z"
	},
	{
		"State": 1,
		"Timestamp": "2020-09-27T20:12:37.141Z"
	},
	{
		"State": 0,
		"Timestamp": "2020-09-27T21:50:18.927Z"
	},
	{
		"State": 1,
		"Timestamp": "2020-09-27T21:53:06.579Z"
	},
	{
		"State": 0,
		"Timestamp": "2020-09-27T21:56:53.105Z"
	},
	{
		"State": 1,
		"Timestamp": "2020-09-27T21:58:48.86Z"
	},
	{
		"State": 0,
		"Timestamp": "2020-09-27T22:00:17.47Z"
	},
	{
		"State": 1,
		"Timestamp": "2020-09-27T22:02:57.512Z"
	},
	{
		"State": 0,
		"Timestamp": "2020-09-27T22:03:32.763Z"
	},
	{
		"State": 1,
		"Timestamp": "2020-09-27T22:09:06.953Z"
	},
	{
		"State": 0,
		"Timestamp": "2020-09-27T22:35:51.62Z"
	},
	{
		"State": 1,
		"Timestamp": "2020-09-27T22:39:09.941Z"
	},
	{
		"State": 0,
		"Timestamp": "2020-09-27T22:41:29.87Z"
	},
	{
		"State": 1,
		"Timestamp": "2020-09-27T22:43:25.649Z"
	},
	{
		"State": 0,
		"Timestamp": "2020-09-27T22:43:51.824Z"
	},
	{
		"State": 1,
		"Timestamp": "2020-09-27T22:52:02.111Z"
	},
	{
		"State": 0,
		"Timestamp": "2020-09-27T23:03:55.899Z"
	},
	{
		"State": 1,
		"Timestamp": "2020-09-27T23:08:03.607Z"
	},
	{
		"State": 0,
		"Timestamp": "2020-09-27T23:09:28.172Z"
	},
	{
		"State": 1,
		"Timestamp": "2020-09-27T23:11:11.859Z"
	},
	{
		"State": 0,
		"Timestamp": "2020-09-27T23:13:19.713Z"
	},
	{
		"State": 1,
		"Timestamp": "2020-09-27T23:14:58.384Z"
	},
	{
		"State": 0,
		"Timestamp": "2020-09-27T23:15:59.797Z"
	},
	{
		"State": 1,
		"Timestamp": "2020-09-27T23:22:34.46Z"
	},
	{
		"State": 0,
		"Timestamp": "2020-09-27T23:23:02.656Z"
	},
	{
		"State": 1,
		"Timestamp": "2020-09-27T23:24:40.315Z"
	},
	{
		"State": 0,
		"Timestamp": "2020-09-27T23:31:10.953Z"
	},
	{
		"State": 1,
		"Timestamp": "2020-09-27T23:36:26.04Z"
	},
	{
		"State": 0,
		"Timestamp": "2020-09-27T23:38:06.718Z"
	},
	{
		"State": 1,
		"Timestamp": "2020-09-27T23:51:18.999Z"
	},
	{
		"State": 0,
		"Timestamp": "2020-09-27T23:52:34.51Z"
	},
	{
		"State": 1,
		"Timestamp": "2020-09-27T23:58:16.784Z"
	},
	{
		"State": 9,
		"Timestamp": "2020-09-28T00:00:00Z"
	},
	{
		"State": 1,
		"Timestamp": "2020-09-28T00:30:00Z"
	},
	{
		"State": 0,
		"Timestamp": "2020-09-28T00:33:17.769Z"
	},
	{
		"State": 1,
		"Timestamp": "2020-09-28T00:34:43.347Z"
	},
	{
		"State": 0,
		"Timestamp": "2020-09-28T00:42:03.31Z"
	}
]