[
	{
		"State": 10000,
		"Timestamp": "2021-01-09T07:48:21.616Z"
	},
	{
		"State": 10000,
		"Timestamp": "2021-01-09T08:01:44.437Z"
	},
	{
		"State": 50000,
		"Timestamp": "2021-01-09T08:06:23.845Z"
	},
	{
		"State": 10000,
		"Timestamp": "2021-01-09T08:08:39.731Z"
	},
	{
		"State": 10000,
		"Timestamp": "2021-01-09T08:12:45.582Z"
	},
	{
		"State": 10000,
		"Timestamp": "2021-01-09T08:15:24.664Z"
	},
	{
		"State": 10000,
		"Timestamp": "2021-01-09T08:21:55.892Z"
	},
	{
		"State": 10000,
		"Timestamp": "2021-01-09T08:28:30.637Z"
	},
	{
		"State": 10000,
		"Timestamp": "2021-01-09T08:37:06.851Z"
	},
	{
		"State": 50000,
		"Timestamp": "2021-01-09T08:51:32.196Z"
	},
	{
		"State": 10000,
		"Timestamp": "2021-01-09T08:56:17.262Z"
	},
	{
		"State": 50000,
		"Timestamp": "2021-01-09T08:59:51.783Z"
	},
	{
		"State": 10000,
		"Timestamp": "2021-01-09T09:04:33.758Z"
	},
	{
		"State": 40000,
		"Timestamp": "2021-01-09T09:53:49.191Z"
	},
	{
		"State": 10000,
		"Timestamp": "2021-01-09T10:30:47.518Z"
	},
	{
		"State": 50000,
		"Timestamp": "2021-01-09T10:39:06.504Z"
	},
	{
		"State": 10000,
		"Timestamp": "2021-01-09T10:43:52.473Z"
	},
	{
		"State": 40000,
		"Timestamp": "2021-01-09T10:59:15.965Z"
	},
	{
		"State": 10000,
		"Timestamp": "2021-01-09T11:04:20.812Z"
	},
	{
		"State": 50000,
		"Timestamp": "2021-01-09T11:07:04.053Z"
	},
	{
		"State": 10000,
		"Timestamp": "2021-01-09T11:10:38.018Z"
	},
	{
		"State": 40000,
		"Timestamp": "2021-01-09T11:16:02.653Z"
	},
	{
		"State": 160000,
		"Timestamp": "2021-01-09T11:58:37.107Z"
	}
]