[
	{
		"OrderName": "108791",
		"TargetUnits": 1,
		"BeginTimestamp": "2021-01-09T09:32:29.392Z",
		"EndTimestamp": "2021-01-09T10:29:06.941Z",
		"ProductName": "108791",
		"TimePerUnitInSeconds": 3108
	}
]