[
	{
		"State": 40000,
		"Timestamp": "2021-01-09T09:26:11.26Z"
	},
	{
		"State": 10000,
		"Timestamp": "2021-01-09T09:32:57.773Z"
	},
	{
		"State": 10000,
		"Timestamp": "2021-01-09T09:38:53.013Z"
	},
	{
		"State": 10000,
		"Timestamp": "2021-01-09T09:44:50.861Z"
	},
	{
		"State": 10000,
		"Timestamp": "2021-01-09T09:50:45.875Z"
	},
	{
		"State": 10000,
		"Timestamp": "2021-01-09T09:56:44.119Z"
	},
	{
		"State": 10000,
		"Timestamp": "2021-01-09T10:02:38.576Z"
	},
	{
		"State": 10000,
		"Timestamp": "2021-01-09T10:08:35.82Z"
	},
	{
		"State": 10000,
		"Timestamp": "2021-01-09T10:14:30.294Z"
	},
	{
		"State": 40000,
		"Timestamp": "2021-01-09T10:20:15.861Z"
	}
]