[
	{
		"TimestampBegin": "0001-01-01T00:00:00Z",
		"TimestampEnd": "2021-02-27T05:00:00.015Z",
		"ShiftType": 0
	},
	{
		"TimestampBegin": "2021-02-27T05:00:00.015Z",
		"TimestampEnd": "2021-02-27T12:00:00.015Z",
		"ShiftType": 1
	},
	{
		"TimestampBegin": "2021-02-28T23:00:00.014Z",
		"TimestampEnd": "2021-03-01T21:00:00.014Z",
		"ShiftType": 1
	}
]