[
	{
		"State": 40000,
		"Timestamp": "2021-02-23T03:02:17.559Z"
	}
]