[
	{
		"State": 40000,
		"Timestamp": "2021-02-27T11:16:31.745Z"
	},
	{
		"State": 10000,
		"Timestamp": "2021-03-01T05:10:44.913Z"
	},
	{
		"State": 40000,
		"Timestamp": "2021-03-01T05:18:38.676Z"
	},
	{
		"State": 10000,
		"Timestamp": "2021-03-01T05:18:44.07Z"
	},
	{
		"State": 40000,
		"Timestamp": "2021-03-01T05:21:50.311Z"
	},
	{
		"State": 10000,
		"Timestamp": "2021-03-01T05:21:50.537Z"
	},
	{
		"State": 40000,
		"Timestamp": "2021-03-01T05:28:37.993Z"
	},
	{
		"State": 10000,
		"Timestamp": "2021-03-01T05:28:40.417Z"
	}
]