[
	{
		"State": 40000,
		"Timestamp": "2021-02-26T15:08:21.036Z"
	}
]