[
	{
		"State": 40000,
		"Timestamp": "2021-02-27T11:16:31.745Z"
	},
	{
		"State": 160000,
		"Timestamp": "2021-02-27T12:00:00.015Z"
	},
	{
		"State": 40000,
		"Timestamp": "2021-02-28T23:00:00.014Z"
	},
	{
		"State": 10000,
		"Timestamp": "2021-03-01T05:10:44.913Z"
	},
	{
		"State": 10000,
		"Timestamp": "2021-03-01T05:18:44.07Z"
	},
	{
		"State": 10000,
		"Timestamp": "2021-03-01T05:21:50.537Z"
	},
	{
		"State": 10000,
		"Timestamp": "2021-03-01T05:28:40.417Z"
	}
]