[
	{
		"State": 40000,
		"Timestamp": "2021-02-26T15:08:21.036Z"
	},
	{
		"State": 150000,
		"Timestamp": "2021-02-26T15:30:00.007Z"
	},
	{
		"State": 40000,
		"Timestamp": "2021-02-26T15:50:00.009Z"
	},
	{
		"State": 150000,
		"Timestamp": "2021-02-26T18:30:00.01Z"
	},
	{
		"State": 40000,
		"Timestamp": "2021-02-26T19:00:00.009Z"
	},
	{
		"State": 160000,
		"Timestamp": "2021-02-26T21:00:00.009Z"
	},
	{
		"State": 40000,
		"Timestamp": "2021-03-01T05:00:00.015Z"
	},
	{
		"State": 150000,
		"Timestamp": "2021-03-01T08:00:00.016Z"
	},
	{
		"State": 40000,
		"Timestamp": "2021-03-01T08:20:00.006Z"
	},
	{
		"State": 150000,
		"Timestamp": "2021-03-01T11:30:00.007Z"
	},
	{
		"State": 40000,
		"Timestamp": "2021-03-01T12:00:00.012Z"
	}
]